Archive member included to satisfy reference by file (symbol)

/opt/devkitpro/devkitARM/bin/../lib/gcc/arm-none-eabi/14.2.0/thumb/libgcc.a(_call_via_rX.o)
                              mm_main_gba.o (_call_via_r1)
/opt/devkitpro/devkitARM/bin/../lib/gcc/arm-none-eabi/14.2.0/thumb/libgcc.a(_aeabi_ldivmod.o)
                              bn_hw_text.o (__aeabi_ldivmod)
/opt/devkitpro/devkitARM/bin/../lib/gcc/arm-none-eabi/14.2.0/thumb/libgcc.a(_aeabi_uldivmod.o)
                              bn_hw_text.o (__aeabi_uldivmod)
/opt/devkitpro/devkitARM/bin/../lib/gcc/arm-none-eabi/14.2.0/thumb/libgcc.a(_sync_none.o)
                              (__sync_synchronize_none)
/opt/devkitpro/devkitARM/bin/../lib/gcc/arm-none-eabi/14.2.0/thumb/libgcc.a(_udivmoddi4.o)
                              /opt/devkitpro/devkitARM/bin/../lib/gcc/arm-none-eabi/14.2.0/thumb/libgcc.a(_aeabi_ldivmod.o) (__udivmoddi4)

Discarded input sections

 .text          0x00000000        0x0 /opt/devkitpro/devkitARM/bin/../lib/gcc/arm-none-eabi/14.2.0/../../../../arm-none-eabi/lib/thumb/gba_crt0.o
 .data          0x00000000        0x0 /opt/devkitpro/devkitARM/bin/../lib/gcc/arm-none-eabi/14.2.0/../../../../arm-none-eabi/lib/thumb/gba_crt0.o
 .bss           0x00000000        0x0 /opt/devkitpro/devkitARM/bin/../lib/gcc/arm-none-eabi/14.2.0/../../../../arm-none-eabi/lib/thumb/gba_crt0.o
 .text          0x00000000        0x0 /opt/devkitpro/devkitARM/bin/../lib/gcc/arm-none-eabi/14.2.0/thumb/crti.o
 .data          0x00000000        0x0 /opt/devkitpro/devkitARM/bin/../lib/gcc/arm-none-eabi/14.2.0/thumb/crti.o
 .bss           0x00000000        0x0 /opt/devkitpro/devkitARM/bin/../lib/gcc/arm-none-eabi/14.2.0/thumb/crti.o
 .text          0x00000000        0x0 /opt/devkitpro/devkitARM/bin/../lib/gcc/arm-none-eabi/14.2.0/thumb/crtbegin.o
 .data          0x00000000        0x0 /opt/devkitpro/devkitARM/bin/../lib/gcc/arm-none-eabi/14.2.0/thumb/crtbegin.o
 .bss           0x00000000        0x0 /opt/devkitpro/devkitARM/bin/../lib/gcc/arm-none-eabi/14.2.0/thumb/crtbegin.o
 .rodata.all_implied_fbits
                0x00000000       0x24 /opt/devkitpro/devkitARM/bin/../lib/gcc/arm-none-eabi/14.2.0/thumb/crtbegin.o
 .text          0x00000000        0x0 _bn_audio_soundbank.bin.o
 .data          0x00000000        0x0 _bn_audio_soundbank.bin.o
 .bss           0x00000000        0x0 _bn_audio_soundbank.bin.o
 .text          0x00000000        0x0 blue_bn_gfx.o
 .data          0x00000000        0x0 blue_bn_gfx.o
 .bss           0x00000000        0x0 blue_bn_gfx.o
 .text          0x00000000        0x0 blue_small_bn_gfx.o
 .data          0x00000000        0x0 blue_small_bn_gfx.o
 .bss           0x00000000        0x0 blue_small_bn_gfx.o
 .text          0x00000000        0x0 face_bn_gfx.o
 .data          0x00000000        0x0 face_bn_gfx.o
 .bss           0x00000000        0x0 face_bn_gfx.o
 .text          0x00000000        0x0 pivot_bn_gfx.o
 .data          0x00000000        0x0 pivot_bn_gfx.o
 .bss           0x00000000        0x0 pivot_bn_gfx.o
 .text          0x00000000        0x0 red_bn_gfx.o
 .data          0x00000000        0x0 red_bn_gfx.o
 .bss           0x00000000        0x0 red_bn_gfx.o
 .text          0x00000000        0x0 red_small_bn_gfx.o
 .data          0x00000000        0x0 red_small_bn_gfx.o
 .bss           0x00000000        0x0 red_small_bn_gfx.o
 .text          0x00000000        0x0 turtle_bn_gfx.o
 .data          0x00000000        0x0 turtle_bn_gfx.o
 .bss           0x00000000        0x0 turtle_bn_gfx.o
 .text          0x00000000        0x0 common_fixed_8x16_font_bn_gfx.o
 .data          0x00000000        0x0 common_fixed_8x16_font_bn_gfx.o
 .bss           0x00000000        0x0 common_fixed_8x16_font_bn_gfx.o
 .rodata        0x00000000     0x1ba0 common_fixed_8x16_font_bn_gfx.o
 .text          0x00000000        0x0 common_fixed_8x8_font_bn_gfx.o
 .data          0x00000000        0x0 common_fixed_8x8_font_bn_gfx.o
 .bss           0x00000000        0x0 common_fixed_8x8_font_bn_gfx.o
 .rodata        0x00000000      0xde0 common_fixed_8x8_font_bn_gfx.o
 .text          0x00000000        0x0 common_variable_16x16_font_bn_gfx.o
 .data          0x00000000        0x0 common_variable_16x16_font_bn_gfx.o
 .bss           0x00000000        0x0 common_variable_16x16_font_bn_gfx.o
 .rodata        0x00000000     0x3720 common_variable_16x16_font_bn_gfx.o
 .text          0x00000000        0x0 common_variable_8x16_font_bn_gfx.o
 .data          0x00000000        0x0 common_variable_8x16_font_bn_gfx.o
 .bss           0x00000000        0x0 common_variable_8x16_font_bn_gfx.o
 .text          0x00000000        0x0 common_variable_8x8_font_bn_gfx.o
 .data          0x00000000        0x0 common_variable_8x8_font_bn_gfx.o
 .bss           0x00000000        0x0 common_variable_8x8_font_bn_gfx.o
 .rodata        0x00000000      0xde0 common_variable_8x8_font_bn_gfx.o
 .group         0x00000000        0xc main.o
 .group         0x00000000        0xc main.o
[...]
Memory Configuration

Name             Origin             Length             Attributes
rom              0x08000000         0x02000000
iwram            0x03000000         0x00008000
ewram            0x02000000         0x00040000
*default*        0x00000000         0xffffffff

Linker script and memory map

                0x00000000                        __sync_synchronize = __sync_synchronize_none
                0x08000000                        __text_start = ORIGIN (rom)
                0x02040000                        __eheap_end = (ORIGIN (ewram) + LENGTH (ewram))
                0x03000000                        __iwram_start = ORIGIN (iwram)
                0x03008000                        __iwram_top = (ORIGIN (iwram) + LENGTH (iwram))
                0x03007fa0                        __sp_irq = (__iwram_top - 0x60)
                0x03007f00                        __sp_usr = (__sp_irq - 0xa0)
                0x03007ff8                        __irq_flags = 0x3007ff8
                0x08000000                        . = __text_start

.crt0           0x08000000      0x210
 *(.crt0)
 .crt0          0x08000000      0x210 /opt/devkitpro/devkitARM/bin/../lib/gcc/arm-none-eabi/14.2.0/../../../../arm-none-eabi/lib/thumb/gba_crt0.o
                0x08000000                _start
                0x080000c4                __boot_method
                0x080000c5                __slave_number
                0x080000e0                start_vector
                0x08000210                        . = ALIGN (0x4)

.init           0x08000210        0xc
 *(SORT_NONE(.init))
 .init          0x08000210        0x4 /opt/devkitpro/devkitARM/bin/../lib/gcc/arm-none-eabi/14.2.0/thumb/crti.o
                0x08000210                _init
 .init          0x08000214        0x8 /opt/devkitpro/devkitARM/bin/../lib/gcc/arm-none-eabi/14.2.0/thumb/crtn.o

.plt            0x0800021c        0x0
 *(.plt)
                0x0800021c                        . = ALIGN (0x4)

.text           0x08000220    0x1c750
 *(EXCLUDE_FILE(*.iwram*) .text*)
 .text.__do_global_dtors_aux
                0x08000220       0x2c /opt/devkitpro/devkitARM/bin/../lib/gcc/arm-none-eabi/14.2.0/thumb/crtbegin.o
 .text.frame_dummy
                0x0800024c       0x24 /opt/devkitpro/devkitARM/bin/../lib/gcc/arm-none-eabi/14.2.0/thumb/crtbegin.o
 .text._ZN2bn13ostringstream6appendILi12EEEvNS_7fixed_tIXT_EEE
                0x08000270       0xa0 main.o
                0x08000270                void bn::ostringstream::append<12>(bn::fixed_t<12>)
 .text._ZN3_bn6assert9show_argsIA38_cN2bn7fixed_tILi12EEEEEvPKcS7_S7_iRKT_RKT0_
                0x08000310       0x54 main.o
                0x08000310                void _bn::assert::show_args<char [38], bn::fixed_t<12> >(char const*, char const*, char const*, int, char const (&) [38], bn::fixed_t<12> const&)
 .text._ZN12_GLOBAL__N_135affine_bgs_pivot_position_hbe_sceneERN2bn21sprite_text_generatorE
                0x08000364      0x1ac main.o
 .text._ZN12_GLOBAL__N_135affine_bgs_mat_attributes_hbe_sceneERN2bn21sprite_text_generatorE
                0x08000510      0x44c main.o
 .text._ZN3_bn6assert9show_argsIA15_cEEvPKcS4_S4_iRKT_
                0x0800095c       0x48 main.o
                0x0800095c                void _bn::assert::show_args<char [15]>(char const*, char const*, char const*, int, char const (&) [15])
 .text._ZN12_GLOBAL__N_131affine_bgs_attributes_hbe_sceneERN2bn21sprite_text_generatorE
                0x080009a4      0x2d4 main.o
 .text.startup.main
                0x08000c78     0x25d0 main.o
                0x08000c78                main
 .text._ZN6common4info15_update_spritesEv
                0x08003248       0x9c common_info.o
                0x08003248                common::info::_update_sprites()
 .text._ZN6common4info6updateEv
                0x080032e4       0x30 common_info.o
                0x080032e4                common::info::update()
 .text._ZN3_bn6assert9show_argsIA16_ciEEvPKcS4_S4_iRKT_RKT0_
                0x08003314       0x54 common_info.o
                0x08003314                void _bn::assert::show_args<char [16], int>(char const*, char const*, char const*, int, char const (&) [16], int const&)
 .text._ZN6common4infoC2ERKN2bn11string_viewERKNS1_4spanIS3_EERNS1_21sprite_text_generatorE
                0x08003368      0x150 common_info.o
                0x08003368                common::info::info(bn::string_view const&, bn::span<bn::string_view const> const&, bn::sprite_text_generator&)
                0x08003368                common::info::info(bn::string_view const&, bn::span<bn::string_view const> const&, bn::sprite_text_generator&)
 .text._ZN3_bn6assert9show_argsIA15_ciEEvPKcS4_S4_iRKT_RKT0_
                0x080034b8       0x54 common_stats.o
                0x080034b8                void _bn::assert::show_args<char [15], int>(char const*, char const*, char const*, int, char const (&) [15], int const&)
 .text._ZN2bn13ostringstream11append_argsIiJA4_ciEEEvRKT_DpRKT0_.isra.0
                0x0800350c       0x24 bn_affine_bg_animate_actions.o
 .text._ZN2bn32iaffine_bg_cached_animate_action9_set_refsERNS_13affine_bg_ptrERNS_7ivectorINS_17affine_bg_map_ptrEEE
                0x08003530        0x4 bn_affine_bg_animate_actions.o
                0x08003530                bn::iaffine_bg_cached_animate_action::_set_refs(bn::affine_bg_ptr&, bn::ivector<bn::affine_bg_map_ptr>&)
 .text._ZN3_bn6assert9show_argsIJA16_ciA4_ciEEEvPKcS5_S5_iDpRKT_
                0x08003534       0x58 bn_affine_bg_animate_actions.o
                0x08003534                void _bn::assert::show_args<char [16], int, char [4], int>(char const*, char const*, char const*, int, char const (&) [16], int const&, char const (&) [4], int const&)
 .text._ZN3_bn6assert9show_argsIJA23_ciA4_ciEEEvPKcS5_S5_iDpRKT_
                0x0800358c       0x58 bn_affine_bg_animate_actions.o
                0x0800358c                void _bn::assert::show_args<char [23], int, char [4], int>(char const*, char const*, char const*, int, char const (&) [23], int const&, char const (&) [4], int const&)
 .text._ZN2bn32iaffine_bg_cached_animate_action6updateEv
                0x080035e4       0xa4 bn_affine_bg_animate_actions.o
                0x080035e4                bn::iaffine_bg_cached_animate_action::update()
 .text._ZN3_bn6assert9show_argsIA23_ciEEvPKcS4_S4_iRKT_RKT0_
                0x08003688       0x54 bn_affine_bg_animate_actions.o
                0x08003688                void _bn::assert::show_args<char [23], int>(char const*, char const*, char const*, int, char const (&) [23], int const&)
 .text._ZN3_bn6assert9show_argsIA24_ciEEvPKcS4_S4_iRKT_RKT0_
                0x080036dc       0x54 bn_affine_bg_animate_actions.o
                0x080036dc                void _bn::assert::show_args<char [24], int>(char const*, char const*, char const*, int, char const (&) [24], int const&)
 .text._ZN2bn32iaffine_bg_cached_animate_action16set_wait_updatesEi
                0x08003730       0x68 bn_affine_bg_animate_actions.o
                0x08003730                bn::iaffine_bg_cached_animate_action::set_wait_updates(int)
 .text._ZN3_bn6assert9show_argsIA28_ciEEvPKcS4_S4_iRKT_RKT0_
                0x08003798       0x54 bn_affine_bg_animate_actions.o
                0x08003798                void _bn::assert::show_args<char [28], int>(char const*, char const*, char const*, int, char const (&) [28], int const&)
 .text._ZN3_bn6assert9show_argsIJA28_ciA4_ciEEEvPKcS5_S5_iDpRKT_
                0x080037ec       0x58 bn_affine_bg_animate_actions.o
                0x080037ec                void _bn::assert::show_args<char [28], int, char [4], int>(char const*, char const*, char const*, int, char const (&) [28], int const&, char const (&) [4], int const&)
 .text._ZN2bn32iaffine_bg_cached_animate_action19_assign_map_indexesERKNS_18affine_bg_map_itemERKNS_4spanIKtEE
                0x08003844      0x104 bn_affine_bg_animate_actions.o
                0x08003844                bn::iaffine_bg_cached_animate_action::_assign_map_indexes(bn::affine_bg_map_item const&, bn::span<unsigned short const> const&)
 .text._ZN3_bn6assert9show_argsIJA19_ciA4_ciEEEvPKcS5_S5_iDpRKT_
                0x08003948       0x58 bn_affine_bg_animate_actions.o
                0x08003948                void _bn::assert::show_args<char [19], int, char [4], int>(char const*, char const*, char const*, int, char const (&) [19], int const&, char const (&) [4], int const&)
 .text._ZN2bn13audio_manager12_GLOBAL__N_111static_dataD2Ev
                0x080039a0        0x4 bn_audio_manager.o
 .text._ZN2bn13audio_manager4initEv
                0x080039a4       0x48 bn_audio_manager.o
                0x080039a4                bn::audio_manager::init()
 .text._ZN2bn13audio_manager7disableEv
                0x080039ec        0xc bn_audio_manager.o
                0x080039ec                bn::audio_manager::disable()
 .text._ZN2bn13audio_manager10sound_dataEt
                0x080039f8       0x64 bn_audio_manager.o
                0x080039f8                bn::audio_manager::sound_data(unsigned short)
 .text._ZN2bn13audio_manager6updateEv
                0x08003a5c        0xc bn_audio_manager.o
                0x08003a5c                bn::audio_manager::update()
 .text._ZN2bn13audio_manager6commitEv
                0x08003a68        0xc bn_audio_manager.o
                0x08003a68                bn::audio_manager::commit()
 .text._ZN2bn13audio_manager4stopEv
                0x08003a74       0x6c bn_audio_manager.o
                0x08003a74                bn::audio_manager::stop()
 .text._ZN3_bn6assert9show_argsIA18_ciEEvPKcS4_S4_iRKT_RKT0_
                0x08003ae0       0x54 bn_audio_manager.o
                0x08003ae0                void _bn::assert::show_args<char [18], int>(char const*, char const*, char const*, int, char const (&) [18], int const&)
 .text._ZN3_bn6assert9show_argsIA14_ciEEvPKcS4_S4_iRKT_RKT0_
                0x08003b34       0x54 bn_audio_manager.o
                0x08003b34                void _bn::assert::show_args<char [14], int>(char const*, char const*, char const*, int, char const (&) [14], int const&)
 .text._ZN3_bn6assert9show_argsIA19_ciEEvPKcS4_S4_iRKT_RKT0_
                0x08003b88       0x54 bn_audio_manager.o
                0x08003b88                void _bn::assert::show_args<char [19], int>(char const*, char const*, char const*, int, char const (&) [19], int const&)
 .text._ZN3_bn6assert9show_argsIA26_ciEEvPKcS4_S4_iRKT_RKT0_
                0x08003bdc       0x54 bn_audio_manager.o
                0x08003bdc                void _bn::assert::show_args<char [26], int>(char const*, char const*, char const*, int, char const (&) [26], int const&)
 .text._ZN3_bn6assert9show_argsIA33_cEEvPKcS4_S4_iRKT_
                0x08003c30       0x48 bn_audio_manager.o
                0x08003c30                void _bn::assert::show_args<char [33]>(char const*, char const*, char const*, int, char const (&) [33])
 .text._ZN3_bn6assert9show_argsIA25_cEEvPKcS4_S4_iRKT_
                0x08003c78       0x48 bn_audio_manager.o
                0x08003c78                void _bn::assert::show_args<char [25]>(char const*, char const*, char const*, int, char const (&) [25])
 .text._ZN3_bn6assert9show_argsIA24_cEEvPKcS4_S4_iRKT_
                0x08003cc0       0x48 bn_audio_manager.o
                0x08003cc0                void _bn::assert::show_args<char [24]>(char const*, char const*, char const*, int, char const (&) [24])
 .text._ZN3_bn6assert9show_argsIA20_cEEvPKcS4_S4_iRKT_
                0x08003d08       0x48 bn_audio_manager.o
                0x08003d08                void _bn::assert::show_args<char [20]>(char const*, char const*, char const*, int, char const (&) [20])
 .text._ZN3_bn6assert9show_argsIA26_cEEvPKcS4_S4_iRKT_
                0x08003d50       0x48 bn_audio_manager.o
                0x08003d50                void _bn::assert::show_args<char [26]>(char const*, char const*, char const*, int, char const (&) [26])
 .text._ZN3_bn6assert9show_argsIA25_cN2bn7fixed_tILi12EEEEEvPKcS7_S7_iRKT_RKT0_
                0x08003d98       0x54 bn_audio_manager.o
                0x08003d98                void _bn::assert::show_args<char [25], bn::fixed_t<12> >(char const*, char const*, char const*, int, char const (&) [25], bn::fixed_t<12> const&)
 .text._ZN3_bn6assert9show_argsIA27_cN2bn7fixed_tILi12EEEEEvPKcS7_S7_iRKT_RKT0_
                0x08003dec       0x54 bn_audio_manager.o
                0x08003dec                void _bn::assert::show_args<char [27], bn::fixed_t<12> >(char const*, char const*, char const*, int, char const (&) [27], bn::fixed_t<12> const&)
 .text._ZN3_bn6assert9show_argsIA25_ciEEvPKcS4_S4_iRKT_RKT0_
                0x08003e40       0x54 bn_audio_manager.o
                0x08003e40                void _bn::assert::show_args<char [25], int>(char const*, char const*, char const*, int, char const (&) [25], int const&)
 .text._ZN2bn13audio_manager16execute_commandsEv
                0x08003e94      0x6a4 bn_audio_manager.o
                0x08003e94                bn::audio_manager::execute_commands()
 .text._ZN3_bn6assert9show_argsIA17_cEEvPKcS4_S4_iRKT_
                0x08004538       0x48 bn_audio_manager.o
                0x08004538                void _bn::assert::show_args<char [17]>(char const*, char const*, char const*, int, char const (&) [17])
 .text.startup._GLOBAL__sub_I__ZN2bn5audio16update_on_vblankEv
                0x08004580       0x98 bn_audio_manager.o
 .text._ZN3_bn6assert9show_argsIA23_cEEvPKcS4_S4_iRKT_
                0x08004618       0x48 bn_best_fit_allocator.o
                0x08004618                void _bn::assert::show_args<char [23]>(char const*, char const*, char const*, int, char const (&) [23])
 .text._ZN2bn18best_fit_allocatorD2Ev
                0x08004660       0x34 bn_best_fit_allocator.o
                0x08004660                bn::best_fit_allocator::~best_fit_allocator()
                0x08004660                bn::best_fit_allocator::~best_fit_allocator()
 .text._ZN3_bn6assert9show_argsIA20_ciEEvPKcS4_S4_iRKT_RKT0_
                0x08004694       0x54 bn_best_fit_allocator.o
                0x08004694                void _bn::assert::show_args<char [20], int>(char const*, char const*, char const*, int, char const (&) [20], int const&)
 .text._ZN3_bn6assert9show_argsIA14_cEEvPKcS4_S4_iRKT_
                0x080046e8       0x48 bn_best_fit_allocator.o
                0x080046e8                void _bn::assert::show_args<char [14]>(char const*, char const*, char const*, int, char const (&) [14])
 .text._ZN3_bn6assert9show_argsIA21_cEEvPKcS4_S4_iRKT_
                0x08004730       0x48 bn_best_fit_allocator.o
                0x08004730                void _bn::assert::show_args<char [21]>(char const*, char const*, char const*, int, char const (&) [21])
 .text._ZN2bn18best_fit_allocator5resetEPvi
                0x08004778       0xbc bn_best_fit_allocator.o
                0x08004778                bn::best_fit_allocator::reset(void*, int)
 .text._ZN2bn17bg_blocks_manager12_GLOBAL__N_117_hw_commit_offsetEPKtjtPt
                0x08004834       0x78 bn_bg_blocks_manager.o
 .text._ZN2bn17bg_blocks_manager12_GLOBAL__N_128_new_affine_map_blocks_countEiib
                0x080048ac       0x50 bn_bg_blocks_manager.o
 .text._ZN2bn13ostringstream11append_argsIiJA4_ctEEEvRKT_DpRKT0_.isra.0
                0x080048fc       0x24 bn_bg_blocks_manager.o
 .text._ZN2bn13ostringstream11append_argsIiJA4_ciEEEvRKT_DpRKT0_.isra.0
                0x08004920       0x24 bn_bg_blocks_manager.o
 .text._ZNK2bn18regular_bg_map_ptr2idEv
                0x08004944       0x18 bn_bg_blocks_manager.o
                0x08004944                bn::regular_bg_map_ptr::id() const
 .text._ZNK2bn18regular_bg_map_ptr10dimensionsEv
                0x0800495c       0x20 bn_bg_blocks_manager.o
                0x0800495c                bn::regular_bg_map_ptr::dimensions() const
 .text._ZNK2bn20regular_bg_tiles_ptr3cbbEv
                0x0800497c       0x18 bn_bg_blocks_manager.o
                0x0800497c                bn::regular_bg_tiles_ptr::cbb() const
 .text._ZN2bn17affine_bg_map_ptrC2ERKS0_
                0x08004994       0x20 bn_bg_blocks_manager.o
                0x08004994                bn::affine_bg_map_ptr::affine_bg_map_ptr(bn::affine_bg_map_ptr const&)
                0x08004994                bn::affine_bg_map_ptr::affine_bg_map_ptr(bn::affine_bg_map_ptr const&)
 .text._ZNK2bn17affine_bg_map_ptr2idEv
                0x080049b4       0x18 bn_bg_blocks_manager.o
                0x080049b4                bn::affine_bg_map_ptr::id() const
 .text._ZNK2bn17affine_bg_map_ptr10dimensionsEv
                0x080049cc       0x20 bn_bg_blocks_manager.o
                0x080049cc                bn::affine_bg_map_ptr::dimensions() const
 .text._ZNK2bn17affine_bg_map_ptr3bigEv
                0x080049ec       0x18 bn_bg_blocks_manager.o
                0x080049ec                bn::affine_bg_map_ptr::big() const
 .text._ZN2bn19affine_bg_tiles_ptrC2ERKS0_
                0x08004a04       0x20 bn_bg_blocks_manager.o
                0x08004a04                bn::affine_bg_tiles_ptr::affine_bg_tiles_ptr(bn::affine_bg_tiles_ptr const&)
                0x08004a04                bn::affine_bg_tiles_ptr::affine_bg_tiles_ptr(bn::affine_bg_tiles_ptr const&)
 .text._ZNK2bn19affine_bg_tiles_ptr3cbbEv
                0x08004a24       0x18 bn_bg_blocks_manager.o
                0x08004a24                bn::affine_bg_tiles_ptr::cbb() const
 .text._ZN2bn17bg_blocks_manager10log_statusEv
                0x08004a3c      0x454 bn_bg_blocks_manager.o
                0x08004a3c                bn::bg_blocks_manager::log_status()
 .text._ZN2bn17bg_blocks_manager15decrease_usagesEi
                0x08004e90       0x98 bn_bg_blocks_manager.o
                0x08004e90                bn::bg_blocks_manager::decrease_usages(int)
 .text._ZN2bn18regular_bg_map_ptrD2Ev
                0x08004f28       0x18 bn_bg_blocks_manager.o
                0x08004f28                bn::regular_bg_map_ptr::~regular_bg_map_ptr()
                0x08004f28                bn::regular_bg_map_ptr::~regular_bg_map_ptr()
 .text._ZN2bn17affine_bg_map_ptraSERKS0_
                0x08004f40       0x40 bn_bg_blocks_manager.o
                0x08004f40                bn::affine_bg_map_ptr::operator=(bn::affine_bg_map_ptr const&)
 .text._ZN2bn17affine_bg_map_ptrD2Ev
                0x08004f80       0x18 bn_bg_blocks_manager.o
                0x08004f80                bn::affine_bg_map_ptr::~affine_bg_map_ptr()
                0x08004f80                bn::affine_bg_map_ptr::~affine_bg_map_ptr()
 .text._ZN2bn19affine_bg_tiles_ptrD2Ev
                0x08004f98       0x18 bn_bg_blocks_manager.o
                0x08004f98                bn::affine_bg_tiles_ptr::~affine_bg_tiles_ptr()
                0x08004f98                bn::affine_bg_tiles_ptr::~affine_bg_tiles_ptr()
 .text._ZN2bn17bg_blocks_manager12_GLOBAL__N_111static_dataD2Ev
                0x08004fb0       0x54 bn_bg_blocks_manager.o
 .text._ZN2bn17bg_blocks_manager4initEv
                0x08005004       0x8c bn_bg_blocks_manager.o
                0x08005004                bn::bg_blocks_manager::init()
 .text._ZN2bn17bg_blocks_manager11must_commitEi
                0x08005090       0x18 bn_bg_blocks_manager.o
                0x08005090                bn::bg_blocks_manager::must_commit(int)
 .text._ZN2bn17bg_blocks_manager6updateEv
                0x080050a8      0x258 bn_bg_blocks_manager.o
                0x080050a8                bn::bg_blocks_manager::update()
 .text._ZN3_bn6assert9show_argsIA52_ctEEvPKcS4_S4_iRKT_RKT0_
                0x08005300       0x54 bn_bg_blocks_manager.o
                0x08005300                void _bn::assert::show_args<char [52], unsigned short>(char const*, char const*, char const*, int, char const (&) [52], unsigned short const&)
 .text._ZN3_bn6assert9show_argsIJA20_ciA4_ctEEEvPKcS5_S5_iDpRKT_
                0x08005354       0x58 bn_bg_blocks_manager.o
                0x08005354                void _bn::assert::show_args<char [20], int, char [4], unsigned short>(char const*, char const*, char const*, int, char const (&) [20], int const&, char const (&) [4], unsigned short const&)
 .text._ZN3_bn6assert9show_argsIJA22_ciA4_ciEEEvPKcS5_S5_iDpRKT_
                0x080053ac       0x58 bn_bg_blocks_manager.o
                0x080053ac                void _bn::assert::show_args<char [22], int, char [4], int>(char const*, char const*, char const*, int, char const (&) [22], int const&, char const (&) [4], int const&)
 .text._ZN3_bn6assert9show_argsIJA58_ciA4_ciEEEvPKcS5_S5_iDpRKT_
                0x08005404       0x58 bn_bg_blocks_manager.o
                0x08005404                void _bn::assert::show_args<char [58], int, char [4], int>(char const*, char const*, char const*, int, char const (&) [58], int const&, char const (&) [4], int const&)
 .text._ZN3_bn6assert9show_argsIA38_cEEvPKcS4_S4_iRKT_
                0x0800545c       0x48 bn_bg_blocks_manager.o
                0x0800545c                void _bn::assert::show_args<char [38]>(char const*, char const*, char const*, int, char const (&) [38])
 .text._ZN3_bn6assert9show_argsIA27_ciEEvPKcS4_S4_iRKT_RKT0_
                0x080054a4       0x54 bn_bg_blocks_manager.o
                0x080054a4                void _bn::assert::show_args<char [27], int>(char const*, char const*, char const*, int, char const (&) [27], int const&)
 .text._ZN2bn17bg_blocks_manager12_GLOBAL__N_110_hw_commitEPKtNS_16compression_typeEibPt
                0x080054f8       0x6c bn_bg_blocks_manager.o
 .text._ZN3_bn6assert9show_argsIA22_ciEEvPKcS4_S4_iRKT_RKT0_
                0x08005564       0x54 bn_bg_blocks_manager.o
                0x08005564                void _bn::assert::show_args<char [22], int>(char const*, char const*, char const*, int, char const (&) [22], int const&)
 .text._ZN3_bn6assert9show_argsIA19_cEEvPKcS4_S4_iRKT_
                0x080055b8       0x48 bn_bg_blocks_manager.o
                0x080055b8                void _bn::assert::show_args<char [19]>(char const*, char const*, char const*, int, char const (&) [19])
 .text._ZN2bn17bg_blocks_manager12_GLOBAL__N_116_find_tiles_implEPKtNS_16compression_typeEib
                0x08005600       0xfc bn_bg_blocks_manager.o
 .text._ZN3_bn6assert9show_argsIA22_cEEvPKcS4_S4_iRKT_
                0x080056fc       0x48 bn_bg_blocks_manager.o
                0x080056fc                void _bn::assert::show_args<char [22]>(char const*, char const*, char const*, int, char const (&) [22])
 .text._ZNK2bn18regular_bg_map_ptr5tilesEv
                0x08005744       0x48 bn_bg_blocks_manager.o
                0x08005744                bn::regular_bg_map_ptr::tiles() const
 .text._ZNK2bn17affine_bg_map_ptr5tilesEv
                0x0800578c       0x48 bn_bg_blocks_manager.o
                0x0800578c                bn::affine_bg_map_ptr::tiles() const
 .text._ZNK2bn17affine_bg_map_ptr7paletteEv
                0x080057d4       0x48 bn_bg_blocks_manager.o
                0x080057d4                bn::affine_bg_map_ptr::palette() const
 .text._ZNK2bn18regular_bg_map_ptr3bppEv
                0x0800581c       0x4c bn_bg_blocks_manager.o
                0x0800581c                bn::regular_bg_map_ptr::bpp() const
 .text._ZN2bn17bg_blocks_manager21update_affine_map_rowEiii
                0x08005868      0x168 bn_bg_blocks_manager.o
                0x08005868                bn::bg_blocks_manager::update_affine_map_row(int, int, int)
 .text._ZN2bn17bg_blocks_manager28update_affine_map_bottom_rowEiii
                0x080059d0       0x2c bn_bg_blocks_manager.o
                0x080059d0                bn::bg_blocks_manager::update_affine_map_bottom_row(int, int, int)
 .text._ZN2bn17bg_blocks_manager20set_affine_map_tilesEiONS_19affine_bg_tiles_ptrE
                0x080059fc      0x13c bn_bg_blocks_manager.o
                0x080059fc                bn::bg_blocks_manager::set_affine_map_tiles(int, bn::affine_bg_tiles_ptr&&)
 .text._ZN2bn17bg_blocks_manager23set_affine_map_positionEiii
                0x08005b38      0x214 bn_bg_blocks_manager.o
                0x08005b38                bn::bg_blocks_manager::set_affine_map_position(int, int, int)
 .text._ZN2bn17bg_blocks_manager21update_affine_map_colEiii
                0x08005d4c      0x334 bn_bg_blocks_manager.o
                0x08005d4c                bn::bg_blocks_manager::update_affine_map_col(int, int, int)
 .text._ZN2bn17bg_blocks_manager27update_affine_map_right_colEiii
                0x08006080       0x2c bn_bg_blocks_manager.o
                0x08006080                bn::bg_blocks_manager::update_affine_map_right_col(int, int, int)
 .text._ZN2bn17bg_blocks_manager22update_regular_map_rowEiii
                0x080060ac      0x194 bn_bg_blocks_manager.o
                0x080060ac                bn::bg_blocks_manager::update_regular_map_row(int, int, int)
 .text._ZN2bn17bg_blocks_manager22update_regular_map_colEiii
                0x08006240      0x1fc bn_bg_blocks_manager.o
                0x08006240                bn::bg_blocks_manager::update_regular_map_col(int, int, int)
 .text._ZN2bn17bg_blocks_manager24set_regular_map_positionEiii
                0x0800643c      0x24c bn_bg_blocks_manager.o
                0x0800643c                bn::bg_blocks_manager::set_regular_map_position(int, int, int)
 .text._ZN2bn17bg_blocks_manager12_GLOBAL__N_112_commit_itemERKNS1_9item_typeEb
                0x08006688      0x1f0 bn_bg_blocks_manager.o
 .text._ZN2bn17bg_blocks_manager12_GLOBAL__N_112_create_itemEiibONS1_11create_dataE
                0x08006878      0x840 bn_bg_blocks_manager.o
 .text._ZN2bn17bg_blocks_manager12_GLOBAL__N_112_create_implEONS1_11create_dataE
                0x080070b8      0x1fc bn_bg_blocks_manager.o
 .text._ZN2bn17bg_blocks_manager19commit_uncompressedEb
                0x080072b4       0x58 bn_bg_blocks_manager.o
                0x080072b4                bn::bg_blocks_manager::commit_uncompressed(bool)
 .text._ZN2bn17bg_blocks_manager17commit_compressedEv
                0x0800730c       0x48 bn_bg_blocks_manager.o
                0x0800730c                bn::bg_blocks_manager::commit_compressed()
 .text._ZN3_bn6assert9show_argsIJA31_cA15_cPKtA16_ciA17_ciA34_cN2bn11string_viewEEEEvPKcSC_SC_iDpRKT_
                0x08007354       0x90 bn_bg_blocks_manager.o
                0x08007354                void _bn::assert::show_args<char [31], char [15], unsigned short const*, char [16], int, char [17], int, char [34], bn::string_view>(char const*, char const*, char const*, int, char const (&) [31], char const (&) [15], unsigned short const* const&, char const (&) [16], int const&, char const (&) [17], int const&, char const (&) [34], bn::string_view const&)
 .text._ZN2bn17bg_blocks_manager19create_affine_tilesERKNS_20affine_bg_tiles_itemEb
                0x080073e4      0x12c bn_bg_blocks_manager.o
                0x080073e4                bn::bg_blocks_manager::create_affine_tiles(bn::affine_bg_tiles_item const&, bool)
 .text._ZN3_bn6assert9show_argsIA31_cEEvPKcS4_S4_iRKT_
                0x08007510       0x48 bn_bg_blocks_manager.o
                0x08007510                void _bn::assert::show_args<char [31]>(char const*, char const*, char const*, int, char const (&) [31])
 .text._ZN2bn17bg_blocks_manager22set_affine_map_paletteEiONS_14bg_palette_ptrE
                0x08007558       0x9c bn_bg_blocks_manager.o
                0x08007558                bn::bg_blocks_manager::set_affine_map_palette(int, bn::bg_palette_ptr&&)
 .text._ZN2bn17bg_blocks_manager12_GLOBAL__N_121_find_affine_map_implERKNS_18affine_bg_map_itemEPKhRKNS_19affine_bg_tiles_ptrERKNS_14bg_palette_ptrE
                0x080075f4      0x1f0 bn_bg_blocks_manager.o
 .text._ZNK2bn18affine_bg_map_item8find_mapERKNS_19affine_bg_tiles_ptrERKNS_14bg_palette_ptrE
                0x080077e4       0x24 bn_bg_blocks_manager.o
                0x080077e4                bn::affine_bg_map_item::find_map(bn::affine_bg_tiles_ptr const&, bn::bg_palette_ptr const&) const
 .text._ZNK2bn18affine_bg_map_item8find_mapERKNS_19affine_bg_tiles_ptrERKNS_14bg_palette_ptrEi
                0x08007808       0x9c bn_bg_blocks_manager.o
                0x08007808                bn::affine_bg_map_item::find_map(bn::affine_bg_tiles_ptr const&, bn::bg_palette_ptr const&, int) const
 .text._ZN3_bn6assert9show_argsIJA51_ciA4_ciEEEvPKcS5_S5_iDpRKT_
                0x080078a4       0x58 bn_bg_blocks_manager.o
                0x080078a4                void _bn::assert::show_args<char [51], int, char [4], int>(char const*, char const*, char const*, int, char const (&) [51], int const&, char const (&) [4], int const&)
 .text._ZN3_bn6assert9show_argsIJA53_ciA4_ciEEEvPKcS5_S5_iDpRKT_
                0x080078fc       0x58 bn_bg_blocks_manager.o
                0x080078fc                void _bn::assert::show_args<char [53], int, char [4], int>(char const*, char const*, char const*, int, char const (&) [53], int const&, char const (&) [4], int const&)
 .text._ZN2bn17bg_blocks_manager17create_affine_mapERKNS_18affine_bg_map_itemEPKhONS_19affine_bg_tiles_ptrEONS_14bg_palette_ptrEb
                0x08007954      0x2cc bn_bg_blocks_manager.o
                0x08007954                bn::bg_blocks_manager::create_affine_map(bn::affine_bg_map_item const&, unsigned char const*, bn::affine_bg_tiles_ptr&&, bn::bg_palette_ptr&&, bool)
 .text._ZN2bn17affine_bg_map_ptr6createERKNS_14affine_bg_itemE
                0x08007c20       0x64 bn_bg_blocks_manager.o
                0x08007c20                bn::affine_bg_map_ptr::create(bn::affine_bg_item const&)
 .text._ZN2bn17affine_bg_map_ptr6createERKNS_14affine_bg_itemEi
                0x08007c84       0xdc bn_bg_blocks_manager.o
                0x08007c84                bn::affine_bg_map_ptr::create(bn::affine_bg_item const&, int)
 .text._ZNK2bn18affine_bg_map_item10create_mapENS_19affine_bg_tiles_ptrENS_14bg_palette_ptrEi
                0x08007d60       0xc4 bn_bg_blocks_manager.o
                0x08007d60                bn::affine_bg_map_item::create_map(bn::affine_bg_tiles_ptr, bn::bg_palette_ptr, int) const
 .text._ZN2bn17bg_blocks_manager21create_new_affine_mapERKNS_18affine_bg_map_itemEPKhONS_19affine_bg_tiles_ptrEONS_14bg_palette_ptrEb
                0x08007e24      0x2e0 bn_bg_blocks_manager.o
                0x08007e24                bn::bg_blocks_manager::create_new_affine_map(bn::affine_bg_map_item const&, unsigned char const*, bn::affine_bg_tiles_ptr&&, bn::bg_palette_ptr&&, bool)
 .text._ZNK2bn18affine_bg_map_item14create_new_mapENS_19affine_bg_tiles_ptrENS_14bg_palette_ptrE
                0x08008104       0x4c bn_bg_blocks_manager.o
                0x08008104                bn::affine_bg_map_item::create_new_map(bn::affine_bg_tiles_ptr, bn::bg_palette_ptr) const
 .text._ZNK2bn18affine_bg_map_item14create_new_mapENS_19affine_bg_tiles_ptrENS_14bg_palette_ptrEi
                0x08008150       0xc4 bn_bg_blocks_manager.o
                0x08008150                bn::affine_bg_map_item::create_new_map(bn::affine_bg_tiles_ptr, bn::bg_palette_ptr, int) const
 .text._ZNK2bn17affine_bg_map_ptr15big_canvas_sizeEv
                0x08008214       0x4c bn_bg_blocks_manager.o
                0x08008214                bn::affine_bg_map_ptr::big_canvas_size() const
 .text._ZN3_bn6assert9show_argsIA39_ciEEvPKcS4_S4_iRKT_RKT0_
                0x08008260       0x54 bn_bg_blocks_manager.o
                0x08008260                void _bn::assert::show_args<char [39], int>(char const*, char const*, char const*, int, char const (&) [39], int const&)
 .text.startup._GLOBAL__sub_I__ZN2bn7bg_maps16used_cells_countEv
                0x080082b4       0x88 bn_bg_blocks_manager.o
 .text._ZN2bn11bgs_manager12_GLOBAL__N_128_check_unique_affine_big_mapERNS1_9item_typeE
                0x0800833c       0x68 bn_bgs_manager.o
 .text._ZN2bn11bgs_manager12_GLOBAL__N_111static_dataD2Ev
                0x080083a4       0x10 bn_bgs_manager.o
 .text._ZN2bn11bgs_manager12_GLOBAL__N_133_update_item_hw_affine_attributesERKNS1_9item_typeE
                0x080083b4       0x48 bn_bgs_manager.o
 .text._ZN2bn13affine_bg_ptrC2ERKS0_
                0x080083fc        0xc bn_bgs_manager.o
                0x080083fc                bn::affine_bg_ptr::affine_bg_ptr(bn::affine_bg_ptr const&)
                0x080083fc                bn::affine_bg_ptr::affine_bg_ptr(bn::affine_bg_ptr const&)
 .text._ZNK2bn13affine_bg_ptr1xEv
                0x08008408        0x8 bn_bgs_manager.o
                0x08008408                bn::affine_bg_ptr::x() const
 .text._ZN2bn13affine_bg_ptr5set_xENS_7fixed_tILi12EEE
                0x08008410       0x84 bn_bgs_manager.o
                0x08008410                bn::affine_bg_ptr::set_x(bn::fixed_t<12>)
 .text._ZNK2bn13affine_bg_ptr1yEv
                0x08008494        0x8 bn_bgs_manager.o
                0x08008494                bn::affine_bg_ptr::y() const
 .text._ZN2bn13affine_bg_ptr5set_yENS_7fixed_tILi12EEE
                0x0800849c       0x84 bn_bgs_manager.o
                0x0800849c                bn::affine_bg_ptr::set_y(bn::fixed_t<12>)
 .text._ZNK2bn13affine_bg_ptr8positionEv
                0x08008520        0x4 bn_bgs_manager.o
                0x08008520                bn::affine_bg_ptr::position() const
 .text._ZNK2bn13affine_bg_ptr14rotation_angleEv
                0x08008524        0x8 bn_bgs_manager.o
                0x08008524                bn::affine_bg_ptr::rotation_angle() const
 .text._ZNK2bn13affine_bg_ptr16horizontal_scaleEv
                0x0800852c        0x8 bn_bgs_manager.o
                0x0800852c                bn::affine_bg_ptr::horizontal_scale() const
 .text._ZNK2bn13affine_bg_ptr14vertical_scaleEv
                0x08008534        0x8 bn_bgs_manager.o
                0x08008534                bn::affine_bg_ptr::vertical_scale() const
 .text._ZNK2bn13affine_bg_ptr16horizontal_shearEv
                0x0800853c        0x8 bn_bgs_manager.o
                0x0800853c                bn::affine_bg_ptr::horizontal_shear() const
 .text._ZN2bn13affine_bg_ptr20set_horizontal_shearENS_7fixed_tILi12EEE
                0x08008544       0x94 bn_bgs_manager.o
                0x08008544                bn::affine_bg_ptr::set_horizontal_shear(bn::fixed_t<12>)
 .text._ZNK2bn13affine_bg_ptr14vertical_shearEv
                0x080085d8        0x8 bn_bgs_manager.o
                0x080085d8                bn::affine_bg_ptr::vertical_shear() const
 .text._ZN2bn13affine_bg_ptr18set_vertical_shearENS_7fixed_tILi12EEE
                0x080085e0       0x90 bn_bgs_manager.o
                0x080085e0                bn::affine_bg_ptr::set_vertical_shear(bn::fixed_t<12>)
 .text._ZNK2bn13affine_bg_ptr15horizontal_flipEv
                0x08008670        0xc bn_bgs_manager.o
                0x08008670                bn::affine_bg_ptr::horizontal_flip() const
 .text._ZN2bn13affine_bg_ptr19set_horizontal_flipEb
                0x0800867c       0xa0 bn_bgs_manager.o
                0x0800867c                bn::affine_bg_ptr::set_horizontal_flip(bool)
 .text._ZN2bn13affine_bg_ptr17set_vertical_flipEb
                0x0800871c       0x9c bn_bgs_manager.o
                0x0800871c                bn::affine_bg_ptr::set_vertical_flip(bool)
 .text._ZNK2bn13affine_bg_ptr7pivot_xEv
                0x080087b8        0x8 bn_bgs_manager.o
                0x080087b8                bn::affine_bg_ptr::pivot_x() const
 .text._ZN2bn13affine_bg_ptr11set_pivot_xENS_7fixed_tILi12EEE
                0x080087c0       0x50 bn_bgs_manager.o
                0x080087c0                bn::affine_bg_ptr::set_pivot_x(bn::fixed_t<12>)
 .text._ZNK2bn13affine_bg_ptr7pivot_yEv
                0x08008810        0x8 bn_bgs_manager.o
                0x08008810                bn::affine_bg_ptr::pivot_y() const
 .text._ZN2bn13affine_bg_ptr11set_pivot_yENS_7fixed_tILi12EEE
                0x08008818       0x50 bn_bgs_manager.o
                0x08008818                bn::affine_bg_ptr::set_pivot_y(bn::fixed_t<12>)
 .text._ZNK2bn13affine_bg_ptr14pivot_positionEv
                0x08008868        0x8 bn_bgs_manager.o
                0x08008868                bn::affine_bg_ptr::pivot_position() const
 .text._ZN2bn13affine_bg_ptr18set_pivot_positionERKNS_13fixed_point_tILi12EEE
                0x08008870       0x80 bn_bgs_manager.o
                0x08008870                bn::affine_bg_ptr::set_pivot_position(bn::fixed_point_t<12> const&)
 .text._ZNK2bn13affine_bg_ptr14mat_attributesEv
                0x080088f0        0x8 bn_bgs_manager.o
                0x080088f0                bn::affine_bg_ptr::mat_attributes() const
 .text._ZNK2bn13affine_bg_ptr16wrapping_enabledEv
                0x080088f8        0xc bn_bgs_manager.o
                0x080088f8                bn::affine_bg_ptr::wrapping_enabled() const
 .text._ZN2bn13affine_bg_ptr20set_wrapping_enabledEb
                0x08008904       0x50 bn_bgs_manager.o
                0x08008904                bn::affine_bg_ptr::set_wrapping_enabled(bool)
 .text._ZNK2bn13affine_bg_ptr7visibleEv
                0x08008954        0xc bn_bgs_manager.o
                0x08008954                bn::affine_bg_ptr::visible() const
 .text._ZN2bn13affine_bg_ptr11set_visibleEb
                0x08008960       0x30 bn_bgs_manager.o
                0x08008960                bn::affine_bg_ptr::set_visible(bool)
 .text._ZNK2bn14affine_bg_item10create_mapEv
                0x08008990       0x10 bn_bgs_manager.o
                0x08008990                bn::affine_bg_item::create_map() const
 .text._ZN2bn11bgs_manager4initEv
                0x080089a0       0x8c bn_bgs_manager.o
                0x080089a0                bn::bgs_manager::init()
 .text._ZN2bn11bgs_manager5hw_idEPv
                0x08008a2c        0x8 bn_bgs_manager.o
                0x08008a2c                bn::bgs_manager::hw_id(void*)
 .text._ZN2bn11bgs_manager11hw_positionEPv
                0x08008a34        0x4 bn_bgs_manager.o
                0x08008a34                bn::bgs_manager::hw_position(void*)
 .text._ZN2bn11bgs_manager19set_affine_positionEPvRKNS_13fixed_point_tILi12EEE
                0x08008a38       0xe8 bn_bgs_manager.o
                0x08008a38                bn::bgs_manager::set_affine_position(void*, bn::fixed_point_t<12> const&)
 .text._ZN2bn13affine_bg_ptr12set_positionERKNS_13fixed_point_tILi12EEE
                0x08008b20       0x10 bn_bgs_manager.o
                0x08008b20                bn::affine_bg_ptr::set_position(bn::fixed_point_t<12> const&)
 .text._ZN2bn11bgs_manager9set_shearEPvNS_7fixed_tILi12EEE
                0x08008b30      0x118 bn_bgs_manager.o
                0x08008b30                bn::bgs_manager::set_shear(void*, bn::fixed_t<12>)
 .text._ZN2bn13affine_bg_ptr9set_shearENS_7fixed_tILi12EEE
                0x08008c48       0x10 bn_bgs_manager.o
                0x08008c48                bn::affine_bg_ptr::set_shear(bn::fixed_t<12>)
 .text._ZN2bn11bgs_manager14mat_attributesEPv
                0x08008c58        0x4 bn_bgs_manager.o
                0x08008c58                bn::bgs_manager::mat_attributes(void*)
 .text._ZN2bn11bgs_manager18set_mat_attributesEPvRKNS_21affine_mat_attributesE
                0x08008c5c       0xf0 bn_bgs_manager.o
                0x08008c5c                bn::bgs_manager::set_mat_attributes(void*, bn::affine_mat_attributes const&)
 .text._ZN2bn13affine_bg_ptr18set_mat_attributesERKNS_21affine_mat_attributesE
                0x08008d4c       0x10 bn_bgs_manager.o
                0x08008d4c                bn::affine_bg_ptr::set_mat_attributes(bn::affine_mat_attributes const&)
 .text._ZN2bn11bgs_manager9put_aboveEPv
                0x08008d5c       0x68 bn_bgs_manager.o
                0x08008d5c                bn::bgs_manager::put_above(void*)
 .text._ZN2bn13affine_bg_ptr9put_aboveEv
                0x08008dc4       0x10 bn_bgs_manager.o
                0x08008dc4                bn::affine_bg_ptr::put_above()
 .text._ZN2bn11bgs_manager18set_show_in_windowEPvib
                0x08008dd4       0x18 bn_bgs_manager.o
                0x08008dd4                bn::bgs_manager::set_show_in_window(void*, int, bool)
 .text._ZN2bn11bgs_manager20update_windows_flagsEPj
                0x08008dec       0x7c bn_bgs_manager.o
                0x08008dec                bn::bgs_manager::update_windows_flags(unsigned int*)
 .text._ZN2bn11bgs_manager14update_camerasEv
                0x08008e68      0x14c bn_bgs_manager.o
                0x08008e68                bn::bgs_manager::update_cameras()
 .text._ZN2bn11bgs_manager27update_affine_map_tiles_cbbEii
                0x08008fb4       0xa8 bn_bgs_manager.o
                0x08008fb4                bn::bgs_manager::update_affine_map_tiles_cbb(int, int)
 .text._ZN2bn11bgs_manager6reloadEv
                0x0800905c       0x14 bn_bgs_manager.o
                0x0800905c                bn::bgs_manager::reload()
 .text._ZN2bn11bgs_manager36fill_hblank_effect_regular_positionsEiPKNS_7fixed_tILi12EEEPt
                0x08009070       0x38 bn_bgs_manager.o
                0x08009070                bn::bgs_manager::fill_hblank_effect_regular_positions(int, bn::fixed_t<12> const*, unsigned short*)
 .text._ZN2bn11bgs_manager45fill_hblank_effect_pivot_horizontal_positionsEPvPKNS_7fixed_tILi12EEEPj
                0x080090a8       0x24 bn_bgs_manager.o
                0x080090a8                bn::bgs_manager::fill_hblank_effect_pivot_horizontal_positions(void*, bn::fixed_t<12> const*, unsigned int*)
 .text._ZN2bn11bgs_manager43fill_hblank_effect_pivot_vertical_positionsEPvPKNS_7fixed_tILi12EEEPj
                0x080090cc       0x24 bn_bgs_manager.o
                0x080090cc                bn::bgs_manager::fill_hblank_effect_pivot_vertical_positions(void*, bn::fixed_t<12> const*, unsigned int*)
 .text._ZN2bn11bgs_manager6commitEb
                0x080090f0       0x58 bn_bgs_manager.o
                0x080090f0                bn::bgs_manager::commit(bool)
 .text._ZN2bn11bgs_manager4stopEv
                0x08009148       0x28 bn_bgs_manager.o
                0x08009148                bn::bgs_manager::stop()
 .text._ZN3_bn6assert9show_argsIA17_ciEEvPKcS4_S4_iRKT_RKT0_
                0x08009170       0x54 bn_bgs_manager.o
                0x08009170                void _bn::assert::show_args<char [17], int>(char const*, char const*, char const*, int, char const (&) [17], int const&)
 .text._ZN3_bn6assert9show_argsIA30_cEEvPKcS4_S4_iRKT_
                0x080091c4       0x48 bn_bgs_manager.o
                0x080091c4                void _bn::assert::show_args<char [30]>(char const*, char const*, char const*, int, char const (&) [30])
 .text._ZN3_bn6assert9show_argsIA27_cEEvPKcS4_S4_iRKT_
                0x0800920c       0x48 bn_bgs_manager.o
                0x0800920c                void _bn::assert::show_args<char [27]>(char const*, char const*, char const*, int, char const (&) [27])
 .text._ZN3_bn6assert9show_argsIA46_cEEvPKcS4_S4_iRKT_
                0x08009254       0x48 bn_bgs_manager.o
                0x08009254                void _bn::assert::show_args<char [46]>(char const*, char const*, char const*, int, char const (&) [46])
 .text._ZN3_bn6assert9show_argsIA45_cEEvPKcS4_S4_iRKT_
                0x0800929c       0x48 bn_bgs_manager.o
                0x0800929c                void _bn::assert::show_args<char [45]>(char const*, char const*, char const*, int, char const (&) [45])
 .text._ZN2bn11bgs_manager15rebuild_handlesEv.part.0
                0x080092e4      0x1a8 bn_bgs_manager.o
 .text._ZN3_bn6assert9show_argsIA16_cN2bn7fixed_tILi12EEEEEvPKcS7_S7_iRKT_RKT0_
                0x0800948c       0x54 bn_bgs_manager.o
                0x0800948c                void _bn::assert::show_args<char [16], bn::fixed_t<12> >(char const*, char const*, char const*, int, char const (&) [16], bn::fixed_t<12> const&)
 .text._ZN2bn11bgs_manager9set_scaleEPvNS_7fixed_tILi12EEE
                0x080094e0      0x194 bn_bgs_manager.o
                0x080094e0                bn::bgs_manager::set_scale(void*, bn::fixed_t<12>)
 .text._ZN2bn13affine_bg_ptr9set_scaleENS_7fixed_tILi12EEE
                0x08009674       0x10 bn_bgs_manager.o
                0x08009674                bn::affine_bg_ptr::set_scale(bn::fixed_t<12>)
 .text._ZN2bn11bgs_manager18set_rotation_angleEPvNS_7fixed_tILi12EEE
                0x08009684      0x180 bn_bgs_manager.o
                0x08009684                bn::bgs_manager::set_rotation_angle(void*, bn::fixed_t<12>)
 .text._ZN2bn13affine_bg_ptr18set_rotation_angleENS_7fixed_tILi12EEE
                0x08009804       0x10 bn_bgs_manager.o
                0x08009804                bn::affine_bg_ptr::set_rotation_angle(bn::fixed_t<12>)
 .text._ZN2bn11bgs_manager20set_horizontal_scaleEPvNS_7fixed_tILi12EEE
                0x08009814      0x104 bn_bgs_manager.o
                0x08009814                bn::bgs_manager::set_horizontal_scale(void*, bn::fixed_t<12>)
 .text._ZN2bn13affine_bg_ptr20set_horizontal_scaleENS_7fixed_tILi12EEE
                0x08009918       0x10 bn_bgs_manager.o
                0x08009918                bn::affine_bg_ptr::set_horizontal_scale(bn::fixed_t<12>)
 .text._ZN2bn11bgs_manager18set_vertical_scaleEPvNS_7fixed_tILi12EEE
                0x08009928      0x100 bn_bgs_manager.o
                0x08009928                bn::bgs_manager::set_vertical_scale(void*, bn::fixed_t<12>)
 .text._ZN2bn13affine_bg_ptr18set_vertical_scaleENS_7fixed_tILi12EEE
                0x08009a28       0x10 bn_bgs_manager.o
                0x08009a28                bn::affine_bg_ptr::set_vertical_scale(bn::fixed_t<12>)
 .text._ZN2bn11bgs_manager37fill_hblank_effect_regular_attributesEPvPKNS_21regular_bg_attributesEPt
                0x08009a38      0x100 bn_bgs_manager.o
                0x08009a38                bn::bgs_manager::fill_hblank_effect_regular_attributes(void*, bn::regular_bg_attributes const*, unsigned short*)
 .text._ZN2bn11bgs_manager6updateEv
                0x08009b38      0x16c bn_bgs_manager.o
                0x08009b38                bn::bgs_manager::update()
 .text._ZN2bn11bgs_manager15commit_big_mapsEv
                0x08009ca4      0x1d0 bn_bgs_manager.o
                0x08009ca4                bn::bgs_manager::commit_big_maps()
 .text._ZN2bn11bgs_manager36fill_hblank_effect_affine_attributesEPvPKNS_20affine_bg_attributesEPt
                0x08009e74      0x104 bn_bgs_manager.o
                0x08009e74                bn::bgs_manager::fill_hblank_effect_affine_attributes(void*, bn::affine_bg_attributes const*, unsigned short*)
 .text._ZN2bn17affine_bg_builder11release_mapEv
                0x08009f78       0x70 bn_bgs_manager.o
                0x08009f78                bn::affine_bg_builder::release_map()
 .text._ZN2bn11bgs_manager10affine_mapEPv
                0x08009fe8       0x34 bn_bgs_manager.o
                0x08009fe8                bn::bgs_manager::affine_map(void*)
 .text._ZN2bn11bgs_manager11regular_mapEPv
                0x0800a01c       0x34 bn_bgs_manager.o
                0x0800a01c                bn::bgs_manager::regular_map(void*)
 .text._ZNK2bn13affine_bg_ptr5tilesEv
                0x0800a050       0x3c bn_bgs_manager.o
                0x0800a050                bn::affine_bg_ptr::tiles() const
 .text._ZNK2bn13affine_bg_ptr7paletteEv
                0x0800a08c       0x3c bn_bgs_manager.o
                0x0800a08c                bn::affine_bg_ptr::palette() const
 .text._ZNK2bn13affine_bg_ptr10attributesEv
                0x0800a0c8       0x84 bn_bgs_manager.o
                0x0800a0c8                bn::affine_bg_ptr::attributes() const
 .text._ZN2bn11bgs_manager12_GLOBAL__N_19item_type17update_affine_mapEb
                0x0800a14c      0x278 bn_bgs_manager.o
 .text._ZN2bn11bgs_manager14set_affine_mapEPvRKNS_17affine_bg_map_ptrE
                0x0800a3c4       0xac bn_bgs_manager.o
                0x0800a3c4                bn::bgs_manager::set_affine_map(void*, bn::affine_bg_map_ptr const&)
 .text._ZN2bn13affine_bg_ptr7set_mapERKNS_17affine_bg_map_ptrE
                0x0800a470       0x10 bn_bgs_manager.o
                0x0800a470                bn::affine_bg_ptr::set_map(bn::affine_bg_map_ptr const&)
 .text._ZN2bn11bgs_manager14set_affine_mapEPvONS_17affine_bg_map_ptrE
                0x0800a480       0xac bn_bgs_manager.o
                0x0800a480                bn::bgs_manager::set_affine_map(void*, bn::affine_bg_map_ptr&&)
 .text._ZN2bn13affine_bg_ptr7set_mapERKNS_18affine_bg_map_itemE
                0x0800a52c      0x11c bn_bgs_manager.o
                0x0800a52c                bn::affine_bg_ptr::set_map(bn::affine_bg_map_item const&)
 .text._ZN2bn13affine_bg_ptr7set_mapERKNS_18affine_bg_map_itemEi
                0x0800a648      0x12c bn_bgs_manager.o
                0x0800a648                bn::affine_bg_ptr::set_map(bn::affine_bg_map_item const&, int)
 .text._ZN2bn11bgs_manager12_GLOBAL__N_19item_typeC2EONS_17affine_bg_builderEONS_17affine_bg_map_ptrE.isra.0
                0x0800a774      0x210 bn_bgs_manager.o
 .text._ZN2bn11bgs_manager12_GLOBAL__N_112_insert_itemERNS1_9item_typeE
                0x0800a984      0x104 bn_bgs_manager.o
 .text._ZN3_bn6assert9show_argsIA13_cEEvPKcS4_S4_iRKT_
                0x0800aa88       0x48 bn_bgs_manager.o
                0x0800aa88                void _bn::assert::show_args<char [13]>(char const*, char const*, char const*, int, char const (&) [13])
 .text._ZN2bn11bgs_manager6createEONS_17affine_bg_builderE
                0x0800aad0       0xc8 bn_bgs_manager.o
                0x0800aad0                bn::bgs_manager::create(bn::affine_bg_builder&&)
 .text._ZN2bn13affine_bg_ptr6createERKNS_17affine_bg_builderE
                0x0800ab98       0xc0 bn_bgs_manager.o
                0x0800ab98                bn::affine_bg_ptr::create(bn::affine_bg_builder const&)
 .text._ZNK2bn17affine_bg_builder5buildEv
                0x0800ac58       0x10 bn_bgs_manager.o
                0x0800ac58                bn::affine_bg_builder::build() const
 .text._ZNK2bn14affine_bg_item9create_bgENS_7fixed_tILi12EEES2_
                0x0800ac68       0xb8 bn_bgs_manager.o
                0x0800ac68                bn::affine_bg_item::create_bg(bn::fixed_t<12>, bn::fixed_t<12>) const
 .text._ZN2bn5eraseIPNS_11bgs_manager12_GLOBAL__N_19item_typeEEENS_7ivectorIT_E9size_typeERS7_RKS6_.constprop.0.isra.0
                0x0800ad20      0x13c bn_bgs_manager.o
 .text._ZN2bn11bgs_manager15decrease_usagesEPv
                0x0800ae5c       0xa8 bn_bgs_manager.o
                0x0800ae5c                bn::bgs_manager::decrease_usages(void*)
 .text._ZN2bn13affine_bg_ptrD2Ev
                0x0800af04       0x18 bn_bgs_manager.o
                0x0800af04                bn::affine_bg_ptr::~affine_bg_ptr()
                0x0800af04                bn::affine_bg_ptr::~affine_bg_ptr()
 .text._ZN2bn11bgs_manager12set_priorityEPvi
                0x0800af1c       0x68 bn_bgs_manager.o
                0x0800af1c                bn::bgs_manager::set_priority(void*, int)
 .text._ZN2bn11bgs_manager21set_affine_attributesEPvRKNS_20affine_bg_attributesE
                0x0800af84       0xac bn_bgs_manager.o
                0x0800af84                bn::bgs_manager::set_affine_attributes(void*, bn::affine_bg_attributes const&)
 .text._ZN2bn13affine_bg_ptr14set_attributesERKNS_20affine_bg_attributesE
                0x0800b030       0x10 bn_bgs_manager.o
                0x0800b030                bn::affine_bg_ptr::set_attributes(bn::affine_bg_attributes const&)
 .text._ZN2bn13affine_bg_ptr11set_z_orderEi
                0x0800b040       0x70 bn_bgs_manager.o
                0x0800b040                bn::affine_bg_ptr::set_z_order(int)
 .text._ZN2bn13affine_bg_ptr12set_priorityEi
                0x0800b0b0       0x68 bn_bgs_manager.o
                0x0800b0b0                bn::affine_bg_ptr::set_priority(int)
 .text.startup._GLOBAL__sub_I__ZN2bn3bgs16used_items_countEv
                0x0800b118       0x90 bn_bgs_manager.o
 .text._ZN2bn10camera_ptrC2ERKS0_
                0x0800b1a8       0x20 bn_cameras_manager.o
                0x0800b1a8                bn::camera_ptr::camera_ptr(bn::camera_ptr const&)
                0x0800b1a8                bn::camera_ptr::camera_ptr(bn::camera_ptr const&)
 .text._ZN2bn10camera_ptrD2Ev
                0x0800b1c8       0x38 bn_cameras_manager.o
                0x0800b1c8                bn::camera_ptr::~camera_ptr()
                0x0800b1c8                bn::camera_ptr::~camera_ptr()
 .text._ZNK2bn10camera_ptr1xEv
                0x0800b200       0x14 bn_cameras_manager.o
                0x0800b200                bn::camera_ptr::x() const
 .text._ZNK2bn10camera_ptr1yEv
                0x0800b214       0x18 bn_cameras_manager.o
                0x0800b214                bn::camera_ptr::y() const
 .text._ZNK2bn10camera_ptr8positionEv
                0x0800b22c       0x14 bn_cameras_manager.o
                0x0800b22c                bn::camera_ptr::position() const
 .text._ZN2bn15cameras_manager4initEv
                0x0800b240       0x24 bn_cameras_manager.o
                0x0800b240                bn::cameras_manager::init()
 .text._ZN2bn15cameras_manager6updateEv
                0x0800b264       0x28 bn_cameras_manager.o
                0x0800b264                bn::cameras_manager::update()
 .text.startup._GLOBAL__sub_I__ZN2bn7cameras16used_items_countEv
                0x0800b28c       0x24 bn_cameras_manager.o
 .text._ZN2bn4core12_GLOBAL__N_14stopEb
                0x0800b2b0       0x58 bn_core.o
 .text._ZN2bn4core12_GLOBAL__N_111update_implEv
                0x0800b308      0x114 bn_core.o
 .text._ZN2bn4core6updateEv
                0x0800b41c       0x78 bn_core.o
                0x0800b41c                bn::core::update()
 .text._ZN2bn4core4initERKNS_8optionalINS_5colorEEERKNS_11string_viewE
                0x0800b494      0x12c bn_core.o
                0x0800b494                bn::core::init(bn::optional<bn::color> const&, bn::string_view const&)
 .text._ZN2bn4core4initEv
                0x0800b5c0       0x24 bn_core.o
                0x0800b5c0                bn::core::init()
 .text._ZN2bn4core9on_vblankEv
                0x0800b5e4       0x2c bn_core.o
                0x0800b5e4                bn::core::on_vblank()
 .text._ZN2bn11string_viewC2EPKc
                0x0800b610       0x40 bn_core.o
                0x0800b610                bn::string_view::string_view(char const*)
                0x0800b610                bn::string_view::string_view(char const*)
 .text._ZN3_bn6assert12_GLOBAL__N_110_show_implEPKcS3_S3_iRKN2bn11string_viewE
                0x0800b650       0x80 bn_core.o
 .text._ZN3_bn6assert4showEPKcS2_S2_iRKN2bn12istring_baseE
                0x0800b6d0       0x18 bn_core.o
                0x0800b6d0                _bn::assert::show(char const*, char const*, char const*, int, bn::istring_base const&)
 .text.startup._GLOBAL__sub_I__ZN2bn4core4initEv
                0x0800b6e8       0x4c bn_core.o
 .text._ZN2bn15display_manager12_GLOBAL__N_111static_dataD2Ev
                0x0800b734       0x34 bn_display_manager.o
 .text._ZN2bn15display_manager12_GLOBAL__N_134_update_rect_windows_hw_boundariesEi
                0x0800b768       0x7c bn_display_manager.o
 .text._ZN2bn6window11set_show_bgERKNS_13affine_bg_ptrEb
                0x0800b7e4       0x14 bn_display_manager.o
                0x0800b7e4                bn::window::set_show_bg(bn::affine_bg_ptr const&, bool)
 .text._ZN2bn15display_manager4initEv
                0x0800b7f8       0xa4 bn_display_manager.o
                0x0800b7f8                bn::display_manager::init()
 .text._ZN2bn15display_manager8set_modeEi
                0x0800b89c       0x1c bn_display_manager.o
                0x0800b89c                bn::display_manager::set_mode(int)
 .text._ZN2bn15display_manager14set_bg_enabledEib
                0x0800b8b8       0x18 bn_display_manager.o
                0x0800b8b8                bn::display_manager::set_bg_enabled(int, bool)
 .text._ZN2bn15display_manager15disable_all_bgsEv
                0x0800b8d0       0x14 bn_display_manager.o
                0x0800b8d0                bn::display_manager::disable_all_bgs()
 .text._ZN2bn15display_manager13reload_mosaicEv
                0x0800b8e4       0x14 bn_display_manager.o
                0x0800b8e4                bn::display_manager::reload_mosaic()
 .text._ZN2bn15display_manager36fill_mosaic_hblank_effect_attributesEPKNS_17mosaic_attributesEPt
                0x0800b8f8       0xb4 bn_display_manager.o
                0x0800b8f8                bn::display_manager::fill_mosaic_hblank_effect_attributes(bn::mosaic_attributes const*, unsigned short*)
 .text._ZN2bn15display_manager27set_blending_top_bg_enabledEib
                0x0800b9ac       0x20 bn_display_manager.o
                0x0800b9ac                bn::display_manager::set_blending_top_bg_enabled(int, bool)
 .text._ZN2bn15display_manager30set_blending_bottom_bg_enabledEib
                0x0800b9cc       0x20 bn_display_manager.o
                0x0800b9cc                bn::display_manager::set_blending_bottom_bg_enabled(int, bool)
 .text._ZN2bn15display_manager32blending_transparency_top_weightEv
                0x0800b9ec       0x18 bn_display_manager.o
                0x0800b9ec                bn::display_manager::blending_transparency_top_weight()
 .text._ZN2bn15display_manager35blending_transparency_bottom_weightEv
                0x0800ba04       0x28 bn_display_manager.o
                0x0800ba04                bn::display_manager::blending_transparency_bottom_weight()
 .text._ZN2bn15display_manager28reload_blending_transparencyEv
                0x0800ba2c       0x14 bn_display_manager.o
                0x0800ba2c                bn::display_manager::reload_blending_transparency()
 .text._ZN2bn15display_manager51fill_blending_transparency_hblank_effect_attributesEPKNS_32blending_transparency_attributesEPt
                0x0800ba40       0x30 bn_display_manager.o
                0x0800ba40                bn::display_manager::fill_blending_transparency_hblank_effect_attributes(bn::blending_transparency_attributes const*, unsigned short*)
 .text._ZN2bn15display_manager21blending_fade_enabledEv
                0x0800ba70        0xc bn_display_manager.o
                0x0800ba70                bn::display_manager::blending_fade_enabled()
 .text._ZN2bn15display_manager25set_blending_fade_enabledEb
                0x0800ba7c       0x2c bn_display_manager.o
                0x0800ba7c                bn::display_manager::set_blending_fade_enabled(bool)
 .text._ZN2bn15display_manager20reload_blending_fadeEv
                0x0800baa8       0x40 bn_display_manager.o
                0x0800baa8                bn::display_manager::reload_blending_fade()
 .text._ZN2bn15display_manager39fill_blending_fade_hblank_effect_alphasEPKNS_19blending_fade_alphaEPt
                0x0800bae8       0x24 bn_display_manager.o
                0x0800bae8                bn::display_manager::fill_blending_fade_hblank_effect_alphas(bn::blending_fade_alpha const*, unsigned short*)
 .text._ZN2bn15display_manager26update_windows_visible_bgsEv
                0x0800bb0c       0x14 bn_display_manager.o
                0x0800bb0c                bn::display_manager::update_windows_visible_bgs()
 .text._ZN2bn15display_manager36rect_window_hw_horizontal_boundariesEi
                0x0800bb20       0x18 bn_display_manager.o
                0x0800bb20                bn::display_manager::rect_window_hw_horizontal_boundaries(int)
 .text._ZN2bn15display_manager34rect_window_hw_vertical_boundariesEi
                0x0800bb38       0x18 bn_display_manager.o
                0x0800bb38                bn::display_manager::rect_window_hw_vertical_boundaries(int)
 .text._ZN2bn15display_manager24set_rect_window_top_leftEiRKNS_13fixed_point_tILi12EEE
                0x0800bb50       0x40 bn_display_manager.o
                0x0800bb50                bn::display_manager::set_rect_window_top_left(int, bn::fixed_point_t<12> const&)
 .text._ZN2bn15display_manager28set_rect_window_bottom_rightEiRKNS_13fixed_point_tILi12EEE
                0x0800bb90       0x44 bn_display_manager.o
                0x0800bb90                bn::display_manager::set_rect_window_bottom_right(int, bn::fixed_point_t<12> const&)
 .text._ZN2bn15display_manager30reload_rect_windows_boundariesEv
                0x0800bbd4       0x14 bn_display_manager.o
                0x0800bbd4                bn::display_manager::reload_rect_windows_boundaries()
 .text._ZN2bn15display_manager52fill_rect_window_hblank_effect_horizontal_boundariesERKSt4pairIiiEPKS1_INS_7fixed_tILi12EEES6_EPt
                0x0800bbe8      0x134 bn_display_manager.o
                0x0800bbe8                bn::display_manager::fill_rect_window_hblank_effect_horizontal_boundaries(std::pair<int, int> const&, std::pair<bn::fixed_t<12>, bn::fixed_t<12> > const*, unsigned short*)
 .text._ZN2bn15display_manager50fill_rect_window_hblank_effect_vertical_boundariesERKSt4pairIiiEPKS1_INS_7fixed_tILi12EEES6_EPt
                0x0800bd1c      0x134 bn_display_manager.o
                0x0800bd1c                bn::display_manager::fill_rect_window_hblank_effect_vertical_boundaries(std::pair<int, int> const&, std::pair<bn::fixed_t<12>, bn::fixed_t<12> > const*, unsigned short*)
 .text._ZN2bn15display_manager17reload_green_swapEv
                0x0800be50       0x14 bn_display_manager.o
                0x0800be50                bn::display_manager::reload_green_swap()
 .text._ZN2bn15display_manager36fill_green_swap_hblank_effect_statesEPKbPt
                0x0800be64       0x38 bn_display_manager.o
                0x0800be64                bn::display_manager::fill_green_swap_hblank_effect_states(bool const*, unsigned short*)
 .text._ZN2bn15display_manager14update_camerasEv
                0x0800be9c       0x40 bn_display_manager.o
                0x0800be9c                bn::display_manager::update_cameras()
 .text._ZN2bn15display_manager6updateEv
                0x0800bedc      0x254 bn_display_manager.o
                0x0800bedc                bn::display_manager::update()
 .text._ZN2bn15display_manager6commitEv
                0x0800c130      0x12c bn_display_manager.o
                0x0800c130                bn::display_manager::commit()
 .text._ZN2bn15display_manager4stopEv
                0x0800c25c       0x28 bn_display_manager.o
                0x0800c25c                bn::display_manager::stop()
 .text._ZN3_bn6assert9show_argsIA66_cEEvPKcS4_S4_iRKT_
                0x0800c284       0x48 bn_display_manager.o
                0x0800c284                void _bn::assert::show_args<char [66]>(char const*, char const*, char const*, int, char const (&) [66])
 .text._ZN3_bn6assert9show_argsIA29_cN2bn7fixed_tILi12EEEEEvPKcS7_S7_iRKT_RKT0_
                0x0800c2cc       0x54 bn_display_manager.o
                0x0800c2cc                void _bn::assert::show_args<char [29], bn::fixed_t<12> >(char const*, char const*, char const*, int, char const (&) [29], bn::fixed_t<12> const&)
 .text._ZN2bn8blending22set_transparency_alphaENS_7fixed_tILi12EEE
                0x0800c320       0x94 bn_display_manager.o
                0x0800c320                bn::blending::set_transparency_alpha(bn::fixed_t<12>)
 .text._ZN3_bn6assert9show_argsIA18_cN2bn7fixed_tILi12EEEEEvPKcS7_S7_iRKT_RKT0_
                0x0800c3b4       0x54 bn_display_manager.o
                0x0800c3b4                void _bn::assert::show_args<char [18], bn::fixed_t<12> >(char const*, char const*, char const*, int, char const (&) [18], bn::fixed_t<12> const&)
 .text._ZN2bn10bgs_mosaic11set_stretchENS_7fixed_tILi12EEE
                0x0800c408       0x70 bn_display_manager.o
                0x0800c408                bn::bgs_mosaic::set_stretch(bn::fixed_t<12>)
 .text._ZN2bn13ostringstream11append_argsINS_7fixed_tILi12EEEJA4_cS3_EEEvRKT_DpRKT0_.isra.0
                0x0800c478       0xb4 bn_display_manager.o
 .text._ZN3_bn6assert9show_argsIJA16_cN2bn7fixed_tILi12EEEA4_cS5_EEEvPKcS8_S8_iDpRKT_
                0x0800c52c       0x58 bn_display_manager.o
                0x0800c52c                void _bn::assert::show_args<char [16], bn::fixed_t<12>, char [4], bn::fixed_t<12> >(char const*, char const*, char const*, int, char const (&) [16], bn::fixed_t<12> const&, char const (&) [4], bn::fixed_t<12> const&)
 .text._ZN3_bn6assert9show_argsIJA17_cN2bn7fixed_tILi12EEEA4_cS5_EEEvPKcS8_S8_iDpRKT_
                0x0800c584       0x58 bn_display_manager.o
                0x0800c584                void _bn::assert::show_args<char [17], bn::fixed_t<12>, char [4], bn::fixed_t<12> >(char const*, char const*, char const*, int, char const (&) [17], bn::fixed_t<12> const&, char const (&) [4], bn::fixed_t<12> const&)
 .text._ZN2bn11rect_window16set_bottom_rightERKNS_13fixed_point_tILi12EEE
                0x0800c5dc       0x90 bn_display_manager.o
                0x0800c5dc                bn::rect_window::set_bottom_right(bn::fixed_point_t<12> const&)
 .text._ZN2bn11rect_window16set_bottom_rightENS_7fixed_tILi12EEES2_
                0x0800c66c       0x14 bn_display_manager.o
                0x0800c66c                bn::rect_window::set_bottom_right(bn::fixed_t<12>, bn::fixed_t<12>)
 .text._ZN3_bn6assert9show_argsIJA15_cN2bn7fixed_tILi12EEEA4_cS5_EEEvPKcS8_S8_iDpRKT_
                0x0800c680       0x58 bn_display_manager.o
                0x0800c680                void _bn::assert::show_args<char [15], bn::fixed_t<12>, char [4], bn::fixed_t<12> >(char const*, char const*, char const*, int, char const (&) [15], bn::fixed_t<12> const&, char const (&) [4], bn::fixed_t<12> const&)
 .text._ZN3_bn6assert9show_argsIJA14_cN2bn7fixed_tILi12EEEA4_cS5_EEEvPKcS8_S8_iDpRKT_
                0x0800c6d8       0x58 bn_display_manager.o
                0x0800c6d8                void _bn::assert::show_args<char [14], bn::fixed_t<12>, char [4], bn::fixed_t<12> >(char const*, char const*, char const*, int, char const (&) [14], bn::fixed_t<12> const&, char const (&) [4], bn::fixed_t<12> const&)
 .text._ZN2bn11rect_window12set_top_leftERKNS_13fixed_point_tILi12EEE
                0x0800c730       0x90 bn_display_manager.o
                0x0800c730                bn::rect_window::set_top_left(bn::fixed_point_t<12> const&)
 .text._ZN2bn11rect_window12set_top_leftENS_7fixed_tILi12EEES2_
                0x0800c7c0       0x14 bn_display_manager.o
                0x0800c7c0                bn::rect_window::set_top_left(bn::fixed_t<12>, bn::fixed_t<12>)
 .text.startup._GLOBAL__sub_I__ZNK2bn6window7show_bgERKNS_14regular_bg_ptrE
                0x0800c7d4       0xa4 bn_display_manager.o
 .text._ZN2bn12gpio_manager5sleepEv
                0x0800c878       0x28 bn_gpio_manager.o
                0x0800c878                bn::gpio_manager::sleep()
 .text._ZN2bn22hblank_effects_manager12_GLOBAL__N_19item_type18_output_values_ptrEv
                0x0800c8a0       0x40 bn_hblank_effects_manager.o
 .text._ZN2bn32affine_bg_pivot_position_hbe_ptr17reload_deltas_refEv
                0x0800c8e0       0x2c bn_hblank_effects_manager.o
                0x0800c8e0                bn::affine_bg_pivot_position_hbe_ptr::reload_deltas_ref()
 .text._ZN2bn32affine_bg_mat_attributes_hbe_ptr21reload_attributes_refEv
                0x0800c90c       0xdc bn_hblank_effects_manager.o
                0x0800c90c                bn::affine_bg_mat_attributes_hbe_ptr::reload_attributes_ref()
 .text._ZN2bn22hblank_effects_manager7disableEv
                0x0800c9e8       0x24 bn_hblank_effects_manager.o
                0x0800c9e8                bn::hblank_effects_manager::disable()
 .text._ZN2bn22hblank_effects_manager4stopEv
                0x0800ca0c       0x38 bn_hblank_effects_manager.o
                0x0800ca0c                bn::hblank_effects_manager::stop()
 .text._ZN2bn22hblank_effects_manager6commitEv
                0x0800ca44       0x88 bn_hblank_effects_manager.o
                0x0800ca44                bn::hblank_effects_manager::commit()
 .text._ZN2bn22hblank_effects_manager12_GLOBAL__N_110_is_uint32ENS0_12handler_typeE
                0x0800cacc       0x64 bn_hblank_effects_manager.o
 .text._ZN2bn22hblank_effects_manager12_GLOBAL__N_19item_type7cleanupEv
                0x0800cb30       0x9c bn_hblank_effects_manager.o
 .text._ZN2bn22hblank_effects_manager12_GLOBAL__N_126_update_visible_item_indexEi
                0x0800cbcc       0x98 bn_hblank_effects_manager.o
 .text._ZN3_bn6assert9show_argsIA42_cEEvPKcS4_S4_iRKT_
                0x0800cc64       0x48 bn_hblank_effects_manager.o
                0x0800cc64                void _bn::assert::show_args<char [42]>(char const*, char const*, char const*, int, char const (&) [42])
 .text._ZN2bn22hblank_effects_manager12_GLOBAL__N_19item_type12check_updateEv
                0x0800ccac     0x1640 bn_hblank_effects_manager.o
 .text._ZN3_bn6assert9show_argsIA18_cEEvPKcS4_S4_iRKT_
                0x0800e2ec       0x48 bn_hblank_effects_manager.o
                0x0800e2ec                void _bn::assert::show_args<char [18]>(char const*, char const*, char const*, int, char const (&) [18])
 .text._ZN2bn22hblank_effects_manager6updateEv
                0x0800e334      0x1ec bn_hblank_effects_manager.o
                0x0800e334                bn::hblank_effects_manager::update()
 .text._ZN3_bn6assert9show_argsIA34_cEEvPKcS4_S4_iRKT_
                0x0800e520       0x48 bn_hblank_effects_manager.o
                0x0800e520                void _bn::assert::show_args<char [34]>(char const*, char const*, char const*, int, char const (&) [34])
 .text._ZN2bn22hblank_effects_manager12_GLOBAL__N_17_createEPKviNS0_12handler_typeEb
                0x0800e568      0x26c bn_hblank_effects_manager.o
 .text._ZN2bn28affine_bg_attributes_hbe_ptr6createENS_13affine_bg_ptrERKNS_4spanIKNS_20affine_bg_attributesEEE
                0x0800e7d4       0x70 bn_hblank_effects_manager.o
                0x0800e7d4                bn::affine_bg_attributes_hbe_ptr::create(bn::affine_bg_ptr, bn::span<bn::affine_bg_attributes const> const&)
 .text._ZN2bn32affine_bg_pivot_position_hbe_ptr17create_horizontalENS_13affine_bg_ptrERKNS_4spanIKNS_7fixed_tILi12EEEEE
                0x0800e844       0x70 bn_hblank_effects_manager.o
                0x0800e844                bn::affine_bg_pivot_position_hbe_ptr::create_horizontal(bn::affine_bg_ptr, bn::span<bn::fixed_t<12> const> const&)
 .text._ZN2bn22hblank_effects_manager4initEv
                0x0800e8b4      0x190 bn_hblank_effects_manager.o
                0x0800e8b4                bn::hblank_effects_manager::init()
 .text._ZN2bn22hblank_effects_manager15decrease_usagesEi.part.0
                0x0800ea44      0x154 bn_hblank_effects_manager.o
 .text._ZN2bn7hbe_ptrD2Ev
                0x0800eb98       0x34 bn_hblank_effects_manager.o
                0x0800eb98                bn::hbe_ptr::~hbe_ptr()
                0x0800eb98                bn::hbe_ptr::~hbe_ptr()
 .text._ZN2bn32affine_bg_mat_attributes_hbe_ptr6createERKNS_13affine_bg_ptrERKNS_4spanIKNS_24affine_bg_mat_attributesEEE
                0x0800ebcc      0x400 bn_hblank_effects_manager.o
                0x0800ebcc                bn::affine_bg_mat_attributes_hbe_ptr::create(bn::affine_bg_ptr const&, bn::span<bn::affine_bg_mat_attributes const> const&)
 .text.startup._GLOBAL__sub_I__ZN2bn4hbes10used_countEv
                0x0800efcc       0xe8 bn_hblank_effects_manager.o
 .text._ZN2bn12hdma_manager4initEv
                0x0800f0b4       0x40 bn_hdma_manager.o
                0x0800f0b4                bn::hdma_manager::init()
 .text._ZN2bn12hdma_manager10force_stopEv
                0x0800f0f4       0x3c bn_hdma_manager.o
                0x0800f0f4                bn::hdma_manager::force_stop()
 .text._ZN2bn12hdma_manager7disableEv
                0x0800f130       0x30 bn_hdma_manager.o
                0x0800f130                bn::hdma_manager::disable()
 .text._ZN2bn12hdma_manager6updateEv
                0x0800f160       0x6c bn_hdma_manager.o
                0x0800f160                bn::hdma_manager::update()
 .text._ZN2bn12hdma_manager6commitEb
                0x0800f1cc      0x120 bn_hdma_manager.o
                0x0800f1cc                bn::hdma_manager::commit(bool)
 .text.startup._GLOBAL__sub_I__ZN2bn4hdma7runningEv
                0x0800f2ec       0x34 bn_hdma_manager.o
 .text._ZN2bn6keypad9a_pressedEv
                0x0800f320       0x10 bn_keypad_manager.o
                0x0800f320                bn::keypad::a_pressed()
 .text._ZN2bn6keypad9b_pressedEv
                0x0800f330       0x10 bn_keypad_manager.o
                0x0800f330                bn::keypad::b_pressed()
 .text._ZN2bn6keypad14select_pressedEv
                0x0800f340       0x10 bn_keypad_manager.o
                0x0800f340                bn::keypad::select_pressed()
 .text._ZN2bn6keypad13start_pressedEv
                0x0800f350       0x10 bn_keypad_manager.o
                0x0800f350                bn::keypad::start_pressed()
 .text._ZN2bn6keypad10right_heldEv
                0x0800f360       0x10 bn_keypad_manager.o
                0x0800f360                bn::keypad::right_held()
 .text._ZN2bn6keypad13right_pressedEv
                0x0800f370       0x10 bn_keypad_manager.o
                0x0800f370                bn::keypad::right_pressed()
 .text._ZN2bn6keypad9left_heldEv
                0x0800f380       0x10 bn_keypad_manager.o
                0x0800f380                bn::keypad::left_held()
 .text._ZN2bn6keypad12left_pressedEv
                0x0800f390       0x10 bn_keypad_manager.o
                0x0800f390                bn::keypad::left_pressed()
 .text._ZN2bn6keypad7up_heldEv
                0x0800f3a0       0x10 bn_keypad_manager.o
                0x0800f3a0                bn::keypad::up_held()
 .text._ZN2bn6keypad10up_pressedEv
                0x0800f3b0       0x10 bn_keypad_manager.o
                0x0800f3b0                bn::keypad::up_pressed()
 .text._ZN2bn6keypad9down_heldEv
                0x0800f3c0        0xc bn_keypad_manager.o
                0x0800f3c0                bn::keypad::down_held()
 .text._ZN2bn6keypad12down_pressedEv
                0x0800f3cc        0xc bn_keypad_manager.o
                0x0800f3cc                bn::keypad::down_pressed()
 .text._ZN2bn14keypad_manager4stopEv
                0x0800f3d8        0x4 bn_keypad_manager.o
                0x0800f3d8                bn::keypad_manager::stop()
 .text._ZN2bn14keypad_manager6updateEv
                0x0800f3dc       0xa8 bn_keypad_manager.o
                0x0800f3dc                bn::keypad_manager::update()
 .text._ZN2bn14keypad_manager4initERKNS_11string_viewE
                0x0800f484       0x64 bn_keypad_manager.o
                0x0800f484                bn::keypad_manager::init(bn::string_view const&)
 .text._ZN3_bn6assert9show_argsIA16_cEEvPKcS4_S4_iRKT_
                0x0800f4e8       0x48 bn_keypad_manager.o
                0x0800f4e8                void _bn::assert::show_args<char [16]>(char const*, char const*, char const*, int, char const (&) [16])
 .text._ZN2bn12link_manager4initEv
                0x0800f530        0xc bn_link_manager.o
                0x0800f530                bn::link_manager::init()
 .text._ZN2bn12link_manager6activeEv
                0x0800f53c        0xc bn_link_manager.o
                0x0800f53c                bn::link_manager::active()
 .text._ZN2bn12link_manager7disableEv
                0x0800f548       0x18 bn_link_manager.o
                0x0800f548                bn::link_manager::disable()
 .text._ZN2bn14memory_manager12_GLOBAL__N_111static_dataD2Ev
                0x0800f560       0x10 bn_memory_manager.o
 .text._ZN2bn14memory_manager4initEv
                0x0800f570       0x2c bn_memory_manager.o
                0x0800f570                bn::memory_manager::init()
 .text.startup._GLOBAL__sub_I__Znwj
                0x0800f59c       0x20 bn_memory_manager.o
 .text._ZN2bn16palettes_manager12_GLOBAL__N_111static_dataD2Ev
                0x0800f5bc        0x4 bn_palettes_manager.o
 .text._ZN2bn2hw8palettes9grayscaleEPKNS_5colorEiiPS2_.part.0
                0x0800f5c0       0x40 bn_palettes_manager.o
 .text._ZN2bn11bg_palettes21set_transparent_colorENS_5colorE
                0x0800f600       0x40 bn_palettes_manager.o
                0x0800f600                bn::bg_palettes::set_transparent_color(bn::color)
 .text._ZN2bn14bg_palette_ptrC2ERKS0_
                0x0800f640       0x2c bn_palettes_manager.o
                0x0800f640                bn::bg_palette_ptr::bg_palette_ptr(bn::bg_palette_ptr const&)
                0x0800f640                bn::bg_palette_ptr::bg_palette_ptr(bn::bg_palette_ptr const&)
 .text._ZNK2bn14bg_palette_ptr3bppEv
                0x0800f66c       0x20 bn_palettes_manager.o
                0x0800f66c                bn::bg_palette_ptr::bpp() const
 .text._ZN2bn18sprite_palette_ptrC2ERKS0_
                0x0800f68c       0x1c bn_palettes_manager.o
                0x0800f68c                bn::sprite_palette_ptr::sprite_palette_ptr(bn::sprite_palette_ptr const&)
                0x0800f68c                bn::sprite_palette_ptr::sprite_palette_ptr(bn::sprite_palette_ptr const&)
 .text._ZNK2bn18sprite_palette_ptr3bppEv
                0x0800f6a8       0x1c bn_palettes_manager.o
                0x0800f6a8                bn::sprite_palette_ptr::bpp() const
 .text._ZNK2bn13palettes_bank10log_statusEv
                0x0800f6c4      0x17c bn_palettes_manager.o
                0x0800f6c4                bn::palettes_bank::log_status() const
 .text._ZN2bn13palettes_bank10find_bpp_4ERKNS_4spanIKNS_5colorEEEt
                0x0800f840      0x118 bn_palettes_manager.o
                0x0800f840                bn::palettes_bank::find_bpp_4(bn::span<bn::color const> const&, unsigned short)
 .text._ZN2bn13palettes_bank6reloadEi
                0x0800f958       0x1c bn_palettes_manager.o
                0x0800f958                bn::palettes_bank::reload(int)
 .text._ZNK2bn13palettes_bank20retrieve_commit_dataEv
                0x0800f974       0x4c bn_palettes_manager.o
                0x0800f974                bn::palettes_bank::retrieve_commit_data() const
 .text._ZNK2bn13palettes_bank21_apply_global_effectsEiPNS_5colorE
                0x0800f9c0      0x13c bn_palettes_manager.o
                0x0800f9c0                bn::palettes_bank::_apply_global_effects(int, bn::color*) const
 .text._ZNK2bn13palettes_bank25fill_hblank_effect_colorsEPKNS_5colorEPt
                0x0800fafc       0x30 bn_palettes_manager.o
                0x0800fafc                bn::palettes_bank::fill_hblank_effect_colors(bn::color const*, unsigned short*) const
 .text._ZNK2bn13palettes_bank7palette13apply_effectsEiPNS_5colorE
                0x0800fb2c       0xbc bn_palettes_manager.o
                0x0800fb2c                bn::palettes_bank::palette::apply_effects(int, bn::color*) const
 .text._ZNK2bn13palettes_bank25fill_hblank_effect_colorsEiPKNS_5colorEPt
                0x0800fbe8       0x44 bn_palettes_manager.o
                0x0800fbe8                bn::palettes_bank::fill_hblank_effect_colors(int, bn::color const*, unsigned short*) const
 .text._ZN2bn13palettes_bank15_update_paletteEi
                0x0800fc2c       0x7c bn_palettes_manager.o
                0x0800fc2c                bn::palettes_bank::_update_palette(int)
 .text._ZN2bn13palettes_bank6updateEv
                0x0800fca8      0x134 bn_palettes_manager.o
                0x0800fca8                bn::palettes_bank::update()
 .text._ZN2bn13palettes_bankC2Ev
                0x0800fddc       0xd4 bn_palettes_manager.o
                0x0800fddc                bn::palettes_bank::palettes_bank()
                0x0800fddc                bn::palettes_bank::palettes_bank()
 .text._ZN2bn16palettes_manager4initERKNS_8optionalINS_5colorEEE
                0x0800feb0      0x184 bn_palettes_manager.o
                0x0800feb0                bn::palettes_manager::init(bn::optional<bn::color> const&)
 .text._ZN2bn16palettes_manager20sprite_palettes_bankEv
                0x08010034        0x8 bn_palettes_manager.o
                0x08010034                bn::palettes_manager::sprite_palettes_bank()
 .text._ZN2bn16palettes_manager16bg_palettes_bankEv
                0x0801003c        0x8 bn_palettes_manager.o
                0x0801003c                bn::palettes_manager::bg_palettes_bank()
 .text._ZN2bn16palettes_manager6updateEv
                0x08010044       0x20 bn_palettes_manager.o
                0x08010044                bn::palettes_manager::update()
 .text._ZN2bn16palettes_manager6commitEb
                0x08010064      0x104 bn_palettes_manager.o
                0x08010064                bn::palettes_manager::commit(bool)
 .text._ZN2bn16palettes_manager4stopEv
                0x08010168       0x20 bn_palettes_manager.o
                0x08010168                bn::palettes_manager::stop()
 .text._ZN3_bn6assert9show_argsIA35_cEEvPKcS4_S4_iRKT_
                0x08010188       0x48 bn_palettes_manager.o
                0x08010188                void _bn::assert::show_args<char [35]>(char const*, char const*, char const*, int, char const (&) [35])
 .text._ZN2bn13palettes_bank11colors_hashERKNS_4spanIKNS_5colorEEE
                0x080101d0       0x48 bn_palettes_manager.o
                0x080101d0                bn::palettes_bank::colors_hash(bn::span<bn::color const> const&)
 .text._ZN3_bn6assert9show_argsIJA43_ciA36_cA42_cEEEvPKcS6_S6_iDpRKT_
                0x08010218       0x64 bn_palettes_manager.o
                0x08010218                void _bn::assert::show_args<char [43], int, char [36], char [42]>(char const*, char const*, char const*, int, char const (&) [43], int const&, char const (&) [36], char const (&) [42])
 .text._ZN2bn13palettes_bank12create_bpp_8ERKNS_4spanIKNS_5colorEEENS_16compression_typeEb
                0x0801027c      0x230 bn_palettes_manager.o
                0x0801027c                bn::palettes_bank::create_bpp_8(bn::span<bn::color const> const&, bn::compression_type, bool)
 .text._ZNK2bn19sprite_palette_item10decompressENS_4spanINS_5colorEEE
                0x080104ac      0x16c bn_palettes_manager.o
                0x080104ac                bn::sprite_palette_item::decompress(bn::span<bn::color>) const
 .text._ZNK2bn15bg_palette_item10decompressENS_4spanINS_5colorEEE
                0x08010618      0x16c bn_palettes_manager.o
                0x08010618                bn::bg_palette_item::decompress(bn::span<bn::color>) const
 .text._ZN2bn14iunordered_mapItsNS_15identity_hasherENS_8equal_toItEEE21insert_or_assign_hashEjOSt4pairIKtsE.isra.0
                0x08010784      0x110 bn_palettes_manager.o
 .text._ZN2bn13palettes_bank12create_bpp_4ERKNS_4spanIKNS_5colorEEEtb
                0x08010894      0x168 bn_palettes_manager.o
                0x08010894                bn::palettes_bank::create_bpp_4(bn::span<bn::color const> const&, unsigned short, bool)
 .text._ZN2bn12_GLOBAL__N_112_create_implERKNS_15bg_palette_itemEb
                0x080109fc       0x94 bn_palettes_manager.o
 .text._ZN2bn14bg_palette_ptr6createERKNS_15bg_palette_itemE
                0x08010a90       0x54 bn_palettes_manager.o
                0x08010a90                bn::bg_palette_ptr::create(bn::bg_palette_item const&)
 .text._ZNK2bn15bg_palette_item14create_paletteEv
                0x08010ae4       0x10 bn_palettes_manager.o
                0x08010ae4                bn::bg_palette_item::create_palette() const
 .text._ZN2bn12_GLOBAL__N_112_create_implERKNS_19sprite_palette_itemEb
                0x08010af4       0x7c bn_palettes_manager.o
 .text._ZNK2bn19sprite_palette_item14create_paletteEv
                0x08010b70       0x48 bn_palettes_manager.o
                0x08010b70                bn::sprite_palette_item::create_palette() const
 .text._ZN2bn13palettes_bank30_erase_bpp_4_indexes_map_indexEt
                0x08010bb8      0x1e0 bn_palettes_manager.o
                0x08010bb8                bn::palettes_bank::_erase_bpp_4_indexes_map_index(unsigned short)
 .text._ZN2bn13palettes_bank15decrease_usagesEi
                0x08010d98       0x80 bn_palettes_manager.o
                0x08010d98                bn::palettes_bank::decrease_usages(int)
 .text._ZN2bn14bg_palette_ptraSERKS0_
                0x08010e18       0x4c bn_palettes_manager.o
                0x08010e18                bn::bg_palette_ptr::operator=(bn::bg_palette_ptr const&)
 .text._ZN2bn14bg_palette_ptrD2Ev
                0x08010e64       0x20 bn_palettes_manager.o
                0x08010e64                bn::bg_palette_ptr::~bg_palette_ptr()
                0x08010e64                bn::bg_palette_ptr::~bg_palette_ptr()
 .text._ZN2bn18sprite_palette_ptrD2Ev
                0x08010e84       0x20 bn_palettes_manager.o
                0x08010e84                bn::sprite_palette_ptr::~sprite_palette_ptr()
                0x08010e84                bn::sprite_palette_ptr::~sprite_palette_ptr()
 .text.startup._GLOBAL__sub_I__ZN2bn11bg_palettes17used_colors_countEv
                0x08010ea4       0x34 bn_palettes_manager.o
 .text._ZN2bn26sprite_affine_mats_manager12_GLOBAL__N_119_sprite_double_sizeILi32ELi16EEEbiiiii
                0x08010ed8       0x84 bn_sprite_affine_mats_manager.o
 .text._ZN2bn26sprite_affine_mats_manager12_GLOBAL__N_119_sprite_double_sizeILi16ELi32EEEbiiiii
                0x08010f5c       0x84 bn_sprite_affine_mats_manager.o
 .text._ZN2bn26sprite_affine_mats_manager12_GLOBAL__N_111static_dataD2Ev
                0x08010fe0       0x3c bn_sprite_affine_mats_manager.o
 .text._ZNK2bn26sprite_affine_mats_manager12_GLOBAL__N_19item_type18sprite_double_sizeEiRKNS_17sprite_shape_sizeE.isra.0
                0x0801101c      0x1ac bn_sprite_affine_mats_manager.o
 .text._ZNK2bn21sprite_affine_mat_ptr15horizontal_flipEv
                0x080111c8       0x18 bn_sprite_affine_mats_manager.o
                0x080111c8                bn::sprite_affine_mat_ptr::horizontal_flip() const
 .text._ZNK2bn21sprite_affine_mat_ptr13vertical_flipEv
                0x080111e0       0x18 bn_sprite_affine_mats_manager.o
                0x080111e0                bn::sprite_affine_mat_ptr::vertical_flip() const
 .text._ZNK2bn21sprite_affine_mat_ptr16flipped_identityEv
                0x080111f8       0x14 bn_sprite_affine_mats_manager.o
                0x080111f8                bn::sprite_affine_mat_ptr::flipped_identity() const
 .text._ZN2bn26sprite_affine_mats_manager13attach_spriteEiRNS_24intrusive_list_node_typeE
                0x0801120c       0x2c bn_sprite_affine_mats_manager.o
                0x0801120c                bn::sprite_affine_mats_manager::attach_sprite(int, bn::intrusive_list_node_type&)
 .text._ZN2bn26sprite_affine_mats_manager18sprite_double_sizeEiRKNS_17sprite_shape_sizeE
                0x08011238       0x4c bn_sprite_affine_mats_manager.o
                0x08011238                bn::sprite_affine_mats_manager::sprite_double_size(int, bn::sprite_shape_size const&)
 .text._ZN2bn26sprite_affine_mats_manager6reloadEi
                0x08011284       0x28 bn_sprite_affine_mats_manager.o
                0x08011284                bn::sprite_affine_mats_manager::reload(int)
 .text._ZN2bn26sprite_affine_mats_manager20retrieve_commit_dataEv
                0x080112ac       0x38 bn_sprite_affine_mats_manager.o
                0x080112ac                bn::sprite_affine_mats_manager::retrieve_commit_data()
 .text._ZN3_bn6assert9show_argsIA37_cEEvPKcS4_S4_iRKT_
                0x080112e4       0x48 bn_sprite_affine_mats_manager.o
                0x080112e4                void _bn::assert::show_args<char [37]>(char const*, char const*, char const*, int, char const (&) [37])
 .text._ZN2bn26sprite_affine_mats_manager15decrease_usagesEi.part.0
                0x0801132c       0x70 bn_sprite_affine_mats_manager.o
 .text._ZN2bn21sprite_affine_mat_ptrD2Ev
                0x0801139c       0x34 bn_sprite_affine_mats_manager.o
                0x0801139c                bn::sprite_affine_mat_ptr::~sprite_affine_mat_ptr()
                0x0801139c                bn::sprite_affine_mat_ptr::~sprite_affine_mat_ptr()
 .text._ZN2bn26sprite_affine_mats_manager6updateEv
                0x080113d0      0x2d0 bn_sprite_affine_mats_manager.o
                0x080113d0                bn::sprite_affine_mats_manager::update()
 .text._ZN2bn26sprite_affine_mats_manager4initEPv
                0x080116a0      0x108 bn_sprite_affine_mats_manager.o
                0x080116a0                bn::sprite_affine_mats_manager::init(void*)
 .text._ZN2bn26sprite_affine_mats_manager14dettach_spriteEiRNS_24intrusive_list_node_typeE
                0x080117a8       0x4c bn_sprite_affine_mats_manager.o
                0x080117a8                bn::sprite_affine_mats_manager::dettach_sprite(int, bn::intrusive_list_node_type&)
 .text.startup._GLOBAL__sub_I__ZN2bn18sprite_affine_mats10used_countEv
                0x080117f4       0xb4 bn_sprite_affine_mats_manager.o
 .text._ZN2bn21sprite_text_generator5_initEv
                0x080118a8      0x180 bn_sprite_text_generator.o
                0x080118a8                bn::sprite_text_generator::_init()
 .text._ZN2bn21sprite_text_generatorC2ERKNS_11sprite_fontE
                0x08011a28       0x2c bn_sprite_text_generator.o
                0x08011a28                bn::sprite_text_generator::sprite_text_generator(bn::sprite_font const&)
                0x08011a28                bn::sprite_text_generator::sprite_text_generator(bn::sprite_font const&)
 .text._ZN3_bn6assert9show_argsIA54_cEEvPKcS4_S4_iRKT_
                0x08011a54       0x48 bn_sprite_text_generator.o
                0x08011a54                void _bn::assert::show_args<char [54]>(char const*, char const*, char const*, int, char const (&) [54])
 .text._ZN3_bn6assert9show_argsIJA25_ciA4_ctEEEvPKcS5_S5_iDpRKT_
                0x08011a9c       0x64 bn_sprite_text_generator.o
                0x08011a9c                void _bn::assert::show_args<char [25], int, char [4], unsigned short>(char const*, char const*, char const*, int, char const (&) [25], int const&, char const (&) [4], unsigned short const&)
 .text._ZN2bn14utf8_characterC2ERKc
                0x08011b00      0x140 bn_sprite_text_generator.o
                0x08011b00                bn::utf8_character::utf8_character(char const&)
                0x08011b00                bn::utf8_character::utf8_character(char const&)
 .text._ZN2bn12_GLOBAL__N_115_graphics_indexEcRKNS_23utf8_characters_map_refEPKcRi.part.0
                0x08011c40       0x8c bn_sprite_text_generator.o
 .text._ZN2bn21sprite_text_generator15set_bg_priorityEi
                0x08011ccc       0x3c bn_sprite_text_generator.o
                0x08011ccc                bn::sprite_text_generator::set_bg_priority(int)
 .text._ZN3_bn6assert9show_argsIJA20_ccA9_cN2bn11string_viewEA2_cEEEvPKcS8_S8_iDpRKT_
                0x08011d08       0x6c bn_sprite_text_generator.o
                0x08011d08                void _bn::assert::show_args<char [20], char, char [9], bn::string_view, char [2]>(char const*, char const*, char const*, int, char const (&) [20], char const&, char const (&) [9], bn::string_view const&, char const (&) [2])
 .text._ZNK2bn21sprite_text_generator5widthERKNS_11string_viewE
                0x08011d74      0x244 bn_sprite_text_generator.o
                0x08011d74                bn::sprite_text_generator::width(bn::string_view const&) const
 .text._ZN3_bn6assert9show_argsIA55_cEEvPKcS4_S4_iRKT_
                0x08011fb8       0x48 bn_sprite_text_generator.o
                0x08011fb8                void _bn::assert::show_args<char [55]>(char const*, char const*, char const*, int, char const (&) [55])
 .text._ZN2bn12_GLOBAL__N_120_build_sprite_assertILNS_11sprite_sizeE2EEEPNS_4tileERKNS_21sprite_text_generatorERKNS_18sprite_palette_ptrERKNS_13fixed_point_tILi12EEERNS_7ivectorINS_10sprite_ptrEEE
                0x08012000      0x1bc bn_sprite_text_generator.o
 .text._ZN2bn12_GLOBAL__N_120_build_sprite_assertILNS_11sprite_sizeE1EEEPNS_4tileERKNS_21sprite_text_generatorERKNS_18sprite_palette_ptrERKNS_13fixed_point_tILi12EEERNS_7ivectorINS_10sprite_ptrEEE
                0x080121bc      0x1bc bn_sprite_text_generator.o
 .text._ZN2bn12_GLOBAL__N_19_generateILb0EEEbRKNS_21sprite_text_generatorERKNS_13fixed_point_tILi12EEERKNS_11string_viewERKNS_23utf8_characters_map_refEiibRNS_7ivectorINS_10sprite_ptrEEE.isra.0
                0x08012378     0x11c0 bn_sprite_text_generator.o
 .text._ZNK2bn21sprite_text_generator8generateENS_7fixed_tILi12EEES2_RKNS_11string_viewERNS_7ivectorINS_10sprite_ptrEEE
                0x08013538       0x40 bn_sprite_text_generator.o
                0x08013538                bn::sprite_text_generator::generate(bn::fixed_t<12>, bn::fixed_t<12>, bn::string_view const&, bn::ivector<bn::sprite_ptr>&) const
 .text._ZNK2bn16sprite_tiles_ptr2idEv
                0x08013578       0x18 bn_sprite_tiles_manager.o
                0x08013578                bn::sprite_tiles_ptr::id() const
 .text._ZNK2bn16sprite_tiles_ptr11tiles_countEv
                0x08013590       0x18 bn_sprite_tiles_manager.o
                0x08013590                bn::sprite_tiles_ptr::tiles_count() const
 .text._ZN2bn20sprite_tiles_manager10log_statusEv
                0x080135a8      0x1ec bn_sprite_tiles_manager.o
                0x080135a8                bn::sprite_tiles_manager::log_status()
 .text._ZN2bn20sprite_tiles_manager19commit_uncompressedEb
                0x08013794       0xdc bn_sprite_tiles_manager.o
                0x08013794                bn::sprite_tiles_manager::commit_uncompressed(bool)
 .text._ZN3_bn6assert9show_argsIA27_chEEvPKcS4_S4_iRKT_RKT0_
                0x08013870       0x54 bn_sprite_tiles_manager.o
                0x08013870                void _bn::assert::show_args<char [27], unsigned char>(char const*, char const*, char const*, int, char const (&) [27], unsigned char const&)
 .text._ZN3_bn6assert9show_argsIJA44_cPKN2bn4tileEA4_cS6_EEEvPKcS9_S9_iDpRKT_
                0x080138c4       0x64 bn_sprite_tiles_manager.o
                0x080138c4                void _bn::assert::show_args<char [44], bn::tile const*, char [4], bn::tile const*>(char const*, char const*, char const*, int, char const (&) [44], bn::tile const* const&, char const (&) [4], bn::tile const* const&)
 .text._ZN3_bn6assert9show_argsIJA46_ciA4_cjEEEvPKcS5_S5_iDpRKT_
                0x08013928       0x64 bn_sprite_tiles_manager.o
                0x08013928                void _bn::assert::show_args<char [46], int, char [4], unsigned int>(char const*, char const*, char const*, int, char const (&) [46], int const&, char const (&) [4], unsigned int const&)
 .text._ZN2bn20sprite_tiles_manager12_GLOBAL__N_110_hw_commitEPKNS_4tileENS_16compression_typeEii